Archive member included to satisfy reference by file (symbol)

/Applications/ARM/bin/../lib/gcc/arm-none-eabi/9.3.1/../../../../arm-none-eabi/lib/thumb/v7e-m+fp/hard/libc_nano.a(lib_a-exit.o)
                              /Applications/ARM/bin/../lib/gcc/arm-none-eabi/9.3.1/../../../../arm-none-eabi/lib/thumb/v7e-m+fp/hard/crt0.o (exit)
/Applications/ARM/bin/../lib/gcc/arm-none-eabi/9.3.1/../../../../arm-none-eabi/lib/thumb/v7e-m+fp/hard/libc_nano.a(lib_a-impure.o)
                              /Applications/ARM/bin/../lib/gcc/arm-none-eabi/9.3.1/../../../../arm-none-eabi/lib/thumb/v7e-m+fp/hard/libc_nano.a(lib_a-exit.o) (_global_impure_ptr)
/Applications/ARM/bin/../lib/gcc/arm-none-eabi/9.3.1/../../../../arm-none-eabi/lib/thumb/v7e-m+fp/hard/libc_nano.a(lib_a-init.o)
                              /Applications/ARM/bin/../lib/gcc/arm-none-eabi/9.3.1/../../../../arm-none-eabi/lib/thumb/v7e-m+fp/hard/crt0.o (__libc_init_array)
/Applications/ARM/bin/../lib/gcc/arm-none-eabi/9.3.1/../../../../arm-none-eabi/lib/thumb/v7e-m+fp/hard/libc_nano.a(lib_a-memset.o)
                              /Applications/ARM/bin/../lib/gcc/arm-none-eabi/9.3.1/../../../../arm-none-eabi/lib/thumb/v7e-m+fp/hard/crt0.o (memset)
/Applications/ARM/bin/../lib/gcc/arm-none-eabi/9.3.1/../../../../arm-none-eabi/lib/thumb/v7e-m+fp/hard/libnosys.a(_exit.o)
                              /Applications/ARM/bin/../lib/gcc/arm-none-eabi/9.3.1/../../../../arm-none-eabi/lib/thumb/v7e-m+fp/hard/libc_nano.a(lib_a-exit.o) (_exit)
/Applications/ARM/bin/../lib/gcc/arm-none-eabi/9.3.1/thumb/v7e-m+fp/hard/libgcc.a(_aeabi_uldivmod.o)
                              build/stm32f4xx_hal_rcc.o (__aeabi_uldivmod)
/Applications/ARM/bin/../lib/gcc/arm-none-eabi/9.3.1/thumb/v7e-m+fp/hard/libgcc.a(_udivmoddi4.o)
                              /Applications/ARM/bin/../lib/gcc/arm-none-eabi/9.3.1/thumb/v7e-m+fp/hard/libgcc.a(_aeabi_uldivmod.o) (__udivmoddi4)
/Applications/ARM/bin/../lib/gcc/arm-none-eabi/9.3.1/thumb/v7e-m+fp/hard/libgcc.a(_dvmd_tls.o)
                              /Applications/ARM/bin/../lib/gcc/arm-none-eabi/9.3.1/thumb/v7e-m+fp/hard/libgcc.a(_aeabi_uldivmod.o) (__aeabi_ldiv0)

Allocating common symbols
Common symbol       size              file

htim8               0x40              build/main.o
huart3              0x40              build/main.o
hi2c1               0x54              build/main.o
hi2c2               0x54              build/main.o
uwTick              0x4               build/stm32f4xx_hal.o
temp                0x14              build/main.o
pFlash              0x20              build/stm32f4xx_hal_flash.o
htim1               0x40              build/main.o
buf                 0x50              build/main.o
htim2               0x40              build/main.o
huart2              0x40              build/main.o

Discarded input sections

 .text          0x0000000000000000        0x0 /Applications/ARM/bin/../lib/gcc/arm-none-eabi/9.3.1/thumb/v7e-m+fp/hard/crti.o
 .data          0x0000000000000000        0x0 /Applications/ARM/bin/../lib/gcc/arm-none-eabi/9.3.1/thumb/v7e-m+fp/hard/crti.o
 .bss           0x0000000000000000        0x0 /Applications/ARM/bin/../lib/gcc/arm-none-eabi/9.3.1/thumb/v7e-m+fp/hard/crti.o
 .data          0x0000000000000000        0x4 /Applications/ARM/bin/../lib/gcc/arm-none-eabi/9.3.1/thumb/v7e-m+fp/hard/crtbegin.o
 .text          0x0000000000000000       0x7c /Applications/ARM/bin/../lib/gcc/arm-none-eabi/9.3.1/../../../../arm-none-eabi/lib/thumb/v7e-m+fp/hard/crt0.o
 .data          0x0000000000000000        0x0 /Applications/ARM/bin/../lib/gcc/arm-none-eabi/9.3.1/../../../../arm-none-eabi/lib/thumb/v7e-m+fp/hard/crt0.o
 .bss           0x0000000000000000        0x0 /Applications/ARM/bin/../lib/gcc/arm-none-eabi/9.3.1/../../../../arm-none-eabi/lib/thumb/v7e-m+fp/hard/crt0.o
 .ARM.extab     0x0000000000000000        0x0 /Applications/ARM/bin/../lib/gcc/arm-none-eabi/9.3.1/../../../../arm-none-eabi/lib/thumb/v7e-m+fp/hard/crt0.o
 .ARM.exidx     0x0000000000000000       0x10 /Applications/ARM/bin/../lib/gcc/arm-none-eabi/9.3.1/../../../../arm-none-eabi/lib/thumb/v7e-m+fp/hard/crt0.o
 .ARM.attributes
                0x0000000000000000       0x1c /Applications/ARM/bin/../lib/gcc/arm-none-eabi/9.3.1/../../../../arm-none-eabi/lib/thumb/v7e-m+fp/hard/crt0.o
 .text          0x0000000000000000        0x0 build/main.o
 .data          0x0000000000000000        0x0 build/main.o
 .bss           0x0000000000000000        0x0 build/main.o
 .text.Error_Handler
                0x0000000000000000        0x2 build/main.o
 .text          0x0000000000000000        0x0 build/stm32f4xx_it.o
 .data          0x0000000000000000        0x0 build/stm32f4xx_it.o
 .bss           0x0000000000000000        0x0 build/stm32f4xx_it.o
 .text          0x0000000000000000        0x0 build/stm32f4xx_hal_msp.o
 .data          0x0000000000000000        0x0 build/stm32f4xx_hal_msp.o
 .bss           0x0000000000000000        0x0 build/stm32f4xx_hal_msp.o
[...]
Memory Configuration

Name             Origin             Length             Attributes
RAM              0x0000000020000000 0x0000000000020000 xrw
CCMRAM           0x0000000010000000 0x0000000000010000 xrw
FLASH            0x0000000008000000 0x0000000000080000 xr
*default*        0x0000000000000000 0xffffffffffffffff

Linker script and memory map

LOAD /Applications/ARM/bin/../lib/gcc/arm-none-eabi/9.3.1/thumb/v7e-m+fp/hard/crti.o
LOAD /Applications/ARM/bin/../lib/gcc/arm-none-eabi/9.3.1/thumb/v7e-m+fp/hard/crtbegin.o
LOAD /Applications/ARM/bin/../lib/gcc/arm-none-eabi/9.3.1/../../../../arm-none-eabi/lib/thumb/v7e-m+fp/hard/crt0.o
LOAD build/main.o
LOAD build/stm32f4xx_it.o
LOAD build/stm32f4xx_hal_msp.o
LOAD build/stm32f4xx_hal_i2c.o
LOAD build/stm32f4xx_hal_i2c_ex.o
LOAD build/stm32f4xx_hal_rcc.o
LOAD build/stm32f4xx_hal_rcc_ex.o
LOAD build/stm32f4xx_hal_flash.o
LOAD build/stm32f4xx_hal_flash_ex.o
LOAD build/stm32f4xx_hal_flash_ramfunc.o
LOAD build/stm32f4xx_hal_gpio.o
LOAD build/stm32f4xx_hal_dma_ex.o
LOAD build/stm32f4xx_hal_dma.o
LOAD build/stm32f4xx_hal_pwr.o
LOAD build/stm32f4xx_hal_pwr_ex.o
LOAD build/stm32f4xx_hal_cortex.o
LOAD build/stm32f4xx_hal.o
LOAD build/stm32f4xx_hal_exti.o
LOAD build/stm32f4xx_hal_tim.o
LOAD build/stm32f4xx_hal_tim_ex.o
LOAD build/stm32f4xx_hal_uart.o
LOAD build/system_stm32f4xx.o
LOAD build/bsp_OLED.o
LOAD build/bsp_TIMIN.o
LOAD build/bsp_USART.o
LOAD build/startup_stm32f407xx.o
LOAD /Applications/ARM/bin/../lib/gcc/arm-none-eabi/9.3.1/../../../../arm-none-eabi/lib/thumb/v7e-m+fp/hard/libc_nano.a
LOAD /Applications/ARM/bin/../lib/gcc/arm-none-eabi/9.3.1/../../../../arm-none-eabi/lib/thumb/v7e-m+fp/hard/libm.a
LOAD /Applications/ARM/bin/../lib/gcc/arm-none-eabi/9.3.1/../../../../arm-none-eabi/lib/thumb/v7e-m+fp/hard/libnosys.a
START GROUP
LOAD /Applications/ARM/bin/../lib/gcc/arm-none-eabi/9.3.1/thumb/v7e-m+fp/hard/libgcc.a
LOAD /Applications/ARM/bin/../lib/gcc/arm-none-eabi/9.3.1/../../../../arm-none-eabi/lib/thumb/v7e-m+fp/hard/libc_nano.a
END GROUP
START GROUP
LOAD /Applications/ARM/bin/../lib/gcc/arm-none-eabi/9.3.1/thumb/v7e-m+fp/hard/libgcc.a
LOAD /Applications/ARM/bin/../lib/gcc/arm-none-eabi/9.3.1/../../../../arm-none-eabi/lib/thumb/v7e-m+fp/hard/libc_nano.a
END GROUP
LOAD /Applications/ARM/bin/../lib/gcc/arm-none-eabi/9.3.1/thumb/v7e-m+fp/hard/crtend.o
LOAD /Applications/ARM/bin/../lib/gcc/arm-none-eabi/9.3.1/thumb/v7e-m+fp/hard/crtn.o
                0x0000000020020000                _estack = 0x20020000
                0x0000000000000200                _Min_Heap_Size = 0x200
                0x0000000000000400                _Min_Stack_Size = 0x400

.isr_vector     0x0000000008000000      0x188
                0x0000000008000000                . = ALIGN (0x4)
 *(.isr_vector)
 .isr_vector    0x0000000008000000      0x188 build/startup_stm32f407xx.o
                0x0000000008000000                g_pfnVectors
                0x0000000008000188                . = ALIGN (0x4)

.text           0x0000000008000188     0x2d34
                0x0000000008000188                . = ALIGN (0x4)
 *(.text)
 .text          0x0000000008000188       0x40 /Applications/ARM/bin/../lib/gcc/arm-none-eabi/9.3.1/thumb/v7e-m+fp/hard/crtbegin.o
 .text          0x00000000080001c8       0x30 /Applications/ARM/bin/../lib/gcc/arm-none-eabi/9.3.1/thumb/v7e-m+fp/hard/libgcc.a(_aeabi_uldivmod.o)
                0x00000000080001c8                __aeabi_uldivmod
 .text          0x00000000080001f8      0x2c4 /Applications/ARM/bin/../lib/gcc/arm-none-eabi/9.3.1/thumb/v7e-m+fp/hard/libgcc.a(_udivmoddi4.o)
                0x00000000080001f8                __udivmoddi4
 .text          0x00000000080004bc        0x4 /Applications/ARM/bin/../lib/gcc/arm-none-eabi/9.3.1/thumb/v7e-m+fp/hard/libgcc.a(_dvmd_tls.o)
                0x00000000080004bc                __aeabi_ldiv0
                0x00000000080004bc                __aeabi_idiv0
 *(.text*)
 .text.MX_GPIO_Init
                0x00000000080004c0       0x88 build/main.o
 .text.MX_I2C1_Init
                0x0000000008000548       0x34 build/main.o
 .text.MX_I2C2_Init
                0x000000000800057c       0x34 build/main.o
 .text.MX_TIM1_Init
                0x00000000080005b0       0x7c build/main.o
 .text.MX_TIM8_Init
                0x000000000800062c       0xb0 build/main.o
 .text.MX_USART2_UART_Init
                0x00000000080006dc       0x2c build/main.o
 .text.MX_USART3_UART_Init
                0x0000000008000708       0x2c build/main.o
 .text.MX_TIM2_Init
                0x0000000008000734       0x50 build/main.o
 .text.SystemClock_Config
                0x0000000008000784       0x94 build/main.o
                0x0000000008000784                SystemClock_Config
 .text.main     0x0000000008000818       0xe8 build/main.o
                0x0000000008000818                main
 .text.NMI_Handler
                0x0000000008000900        0x2 build/stm32f4xx_it.o
                0x0000000008000900                NMI_Handler
 .text.HardFault_Handler
                0x0000000008000902        0x2 build/stm32f4xx_it.o
                0x0000000008000902                HardFault_Handler
 .text.MemManage_Handler
                0x0000000008000904        0x2 build/stm32f4xx_it.o
                0x0000000008000904                MemManage_Handler
 .text.BusFault_Handler
                0x0000000008000906        0x2 build/stm32f4xx_it.o
                0x0000000008000906                BusFault_Handler
 .text.UsageFault_Handler
                0x0000000008000908        0x2 build/stm32f4xx_it.o
                0x0000000008000908                UsageFault_Handler
 .text.SVC_Handler
                0x000000000800090a        0x2 build/stm32f4xx_it.o
                0x000000000800090a                SVC_Handler
 .text.DebugMon_Handler
                0x000000000800090c        0x2 build/stm32f4xx_it.o
                0x000000000800090c                DebugMon_Handler
 .text.PendSV_Handler
                0x000000000800090e        0x2 build/stm32f4xx_it.o
                0x000000000800090e                PendSV_Handler
 .text.SysTick_Handler
                0x0000000008000910        0x8 build/stm32f4xx_it.o
                0x0000000008000910                SysTick_Handler
 .text.RCC_IRQHandler
                0x0000000008000918        0x2 build/stm32f4xx_it.o
                0x0000000008000918                RCC_IRQHandler
 *fill*         0x000000000800091a        0x2 
 .text.TIM1_CC_IRQHandler
                0x000000000800091c       0x10 build/stm32f4xx_it.o
                0x000000000800091c                TIM1_CC_IRQHandler
 .text.HAL_MspInit
                0x000000000800092c       0x48 build/stm32f4xx_hal_msp.o
                0x000000000800092c                HAL_MspInit
 .text.HAL_I2C_MspInit
                0x0000000008000974       0xc8 build/stm32f4xx_hal_msp.o
                0x0000000008000974                HAL_I2C_MspInit
 .text.HAL_TIM_IC_MspInit
                0x0000000008000a3c       0x80 build/stm32f4xx_hal_msp.o
                0x0000000008000a3c                HAL_TIM_IC_MspInit
 .text.HAL_TIM_Base_MspInit
                0x0000000008000abc       0x2c build/stm32f4xx_hal_msp.o
                0x0000000008000abc                HAL_TIM_Base_MspInit
 .text.HAL_TIM_PWM_MspInit
                0x0000000008000ae8       0x30 build/stm32f4xx_hal_msp.o
                0x0000000008000ae8                HAL_TIM_PWM_MspInit
 .text.HAL_TIM_MspPostInit
                0x0000000008000b18       0x60 build/stm32f4xx_hal_msp.o
                0x0000000008000b18                HAL_TIM_MspPostInit
 .text.HAL_UART_MspInit
                0x0000000008000b78       0xcc build/stm32f4xx_hal_msp.o
                0x0000000008000b78                HAL_UART_MspInit
 .text.I2C_IsAcknowledgeFailed
                0x0000000008000c44       0x32 build/stm32f4xx_hal_i2c.o
 .text.I2C_WaitOnFlagUntilTimeout
                0x0000000008000c76       0x74 build/stm32f4xx_hal_i2c.o
 .text.I2C_WaitOnMasterAddressFlagUntilTimeout
                0x0000000008000cea       0xaa build/stm32f4xx_hal_i2c.o
 .text.I2C_WaitOnTXEFlagUntilTimeout
                0x0000000008000d94       0x54 build/stm32f4xx_hal_i2c.o
 .text.I2C_RequestMemoryWrite
                0x0000000008000de8       0xd8 build/stm32f4xx_hal_i2c.o
 .text.I2C_WaitOnBTFFlagUntilTimeout
                0x0000000008000ec0       0x54 build/stm32f4xx_hal_i2c.o
 .text.HAL_I2C_Init
                0x0000000008000f14      0x1bc build/stm32f4xx_hal_i2c.o
                0x0000000008000f14                HAL_I2C_Init
 .text.HAL_I2C_Mem_Write
                0x00000000080010d0      0x164 build/stm32f4xx_hal_i2c.o
                0x00000000080010d0                HAL_I2C_Mem_Write
 .text.HAL_RCC_OscConfig
                0x0000000008001234      0x3ec build/stm32f4xx_hal_rcc.o
                0x0000000008001234                HAL_RCC_OscConfig
 .text.HAL_RCC_GetSysClockFreq
                0x0000000008001620       0xcc build/stm32f4xx_hal_rcc.o
                0x0000000008001620                HAL_RCC_GetSysClockFreq
 .text.HAL_RCC_ClockConfig
                0x00000000080016ec      0x160 build/stm32f4xx_hal_rcc.o
                0x00000000080016ec                HAL_RCC_ClockConfig
 .text.HAL_RCC_GetHCLKFreq
                0x000000000800184c        0xc build/stm32f4xx_hal_rcc.o
                0x000000000800184c                HAL_RCC_GetHCLKFreq
 .text.HAL_RCC_GetPCLK1Freq
                0x0000000008001858       0x20 build/stm32f4xx_hal_rcc.o
                0x0000000008001858                HAL_RCC_GetPCLK1Freq
 .text.HAL_RCC_GetPCLK2Freq
                0x0000000008001878       0x20 build/stm32f4xx_hal_rcc.o
                0x0000000008001878                HAL_RCC_GetPCLK2Freq
 .text.HAL_GPIO_Init
                0x0000000008001898      0x1cc build/stm32f4xx_hal_gpio.o
                0x0000000008001898                HAL_GPIO_Init
 .text.HAL_NVIC_SetPriorityGrouping
                0x0000000008001a64       0x24 build/stm32f4xx_hal_cortex.o
                0x0000000008001a64                HAL_NVIC_SetPriorityGrouping
 .text.HAL_NVIC_SetPriority
                0x0000000008001a88       0x68 build/stm32f4xx_hal_cortex.o
                0x0000000008001a88                HAL_NVIC_SetPriority
 .text.HAL_NVIC_EnableIRQ
                0x0000000008001af0       0x1c build/stm32f4xx_hal_cortex.o
                0x0000000008001af0                HAL_NVIC_EnableIRQ
 .text.HAL_SYSTICK_Config
                0x0000000008001b0c       0x2c build/stm32f4xx_hal_cortex.o
                0x0000000008001b0c                HAL_SYSTICK_Config
 .text.HAL_InitTick
                0x0000000008001b38       0x4c build/stm32f4xx_hal.o
                0x0000000008001b38                HAL_InitTick
 .text.HAL_Init
                0x0000000008001b84       0x34 build/stm32f4xx_hal.o
                0x0000000008001b84                HAL_Init
 .text.HAL_IncTick
                0x0000000008001bb8       0x18 build/stm32f4xx_hal.o
                0x0000000008001bb8                HAL_IncTick
 .text.HAL_GetTick
                0x0000000008001bd0        0xc build/stm32f4xx_hal.o
                0x0000000008001bd0                HAL_GetTick
 .text.HAL_Delay
                0x0000000008001bdc       0x28 build/stm32f4xx_hal.o
                0x0000000008001bdc                HAL_Delay
 .text.TIM_OC1_SetConfig
                0x0000000008001c04       0x68 build/stm32f4xx_hal_tim.o
 .text.TIM_OC3_SetConfig
                0x0000000008001c6c       0x70 build/stm32f4xx_hal_tim.o
 .text.TIM_OC4_SetConfig
                0x0000000008001cdc       0x50 build/stm32f4xx_hal_tim.o
 .text.TIM_TI1_ConfigInputStage
                0x0000000008001d2c       0x24 build/stm32f4xx_hal_tim.o
 .text.TIM_TI2_SetConfig
                0x0000000008001d50       0x34 build/stm32f4xx_hal_tim.o
 .text.TIM_TI2_ConfigInputStage
                0x0000000008001d84       0x26 build/stm32f4xx_hal_tim.o
 .text.TIM_TI3_SetConfig
                0x0000000008001daa       0x32 build/stm32f4xx_hal_tim.o
 .text.TIM_TI4_SetConfig
                0x0000000008001ddc       0x34 build/stm32f4xx_hal_tim.o
 .text.TIM_ITRx_SetConfig
                0x0000000008001e10       0x10 build/stm32f4xx_hal_tim.o
 .text.HAL_TIM_ReadCapturedValue
                0x0000000008001e20       0x32 build/stm32f4xx_hal_tim.o
                0x0000000008001e20                HAL_TIM_ReadCapturedValue
 .text.HAL_TIM_PeriodElapsedCallback
                0x0000000008001e52        0x2 build/stm32f4xx_hal_tim.o
                0x0000000008001e52                HAL_TIM_PeriodElapsedCallback
 .text.HAL_TIM_OC_DelayElapsedCallback
                0x0000000008001e54        0x2 build/stm32f4xx_hal_tim.o
                0x0000000008001e54                HAL_TIM_OC_DelayElapsedCallback
 .text.HAL_TIM_PWM_PulseFinishedCallback
                0x0000000008001e56        0x2 build/stm32f4xx_hal_tim.o
                0x0000000008001e56                HAL_TIM_PWM_PulseFinishedCallback
 .text.HAL_TIM_TriggerCallback
                0x0000000008001e58        0x2 build/stm32f4xx_hal_tim.o
                0x0000000008001e58                HAL_TIM_TriggerCallback
 *fill*         0x0000000008001e5a        0x2 
 .text.TIM_Base_SetConfig
                0x0000000008001e5c       0xc8 build/stm32f4xx_hal_tim.o
                0x0000000008001e5c                TIM_Base_SetConfig
 .text.HAL_TIM_Base_Init
                0x0000000008001f24       0x34 build/stm32f4xx_hal_tim.o
                0x0000000008001f24                HAL_TIM_Base_Init
 .text.HAL_TIM_PWM_Init
                0x0000000008001f58       0x34 build/stm32f4xx_hal_tim.o
                0x0000000008001f58                HAL_TIM_PWM_Init
 .text.HAL_TIM_IC_Init
                0x0000000008001f8c       0x34 build/stm32f4xx_hal_tim.o
                0x0000000008001f8c                HAL_TIM_IC_Init
 .text.TIM_OC2_SetConfig
                0x0000000008001fc0       0x70 build/stm32f4xx_hal_tim.o
                0x0000000008001fc0                TIM_OC2_SetConfig
 .text.HAL_TIM_PWM_ConfigChannel
                0x0000000008002030       0xdc build/stm32f4xx_hal_tim.o
                0x0000000008002030                HAL_TIM_PWM_ConfigChannel
 .text.TIM_TI1_SetConfig
                0x000000000800210c       0x78 build/stm32f4xx_hal_tim.o
                0x000000000800210c                TIM_TI1_SetConfig
 .text.HAL_TIM_IC_ConfigChannel
                0x0000000008002184       0xc0 build/stm32f4xx_hal_tim.o
                0x0000000008002184                HAL_TIM_IC_ConfigChannel
 .text.TIM_ETR_SetConfig
                0x0000000008002244       0x18 build/stm32f4xx_hal_tim.o
                0x0000000008002244                TIM_ETR_SetConfig
 .text.HAL_TIM_ConfigClockSource
                0x000000000800225c       0xda build/stm32f4xx_hal_tim.o
                0x000000000800225c                HAL_TIM_ConfigClockSource
 .text.TIM_CCxChannelCmd
                0x0000000008002336       0x24 build/stm32f4xx_hal_tim.o
                0x0000000008002336                TIM_CCxChannelCmd
 *fill*         0x000000000800235a        0x2 
 .text.HAL_TIM_PWM_Start
                0x000000000800235c       0x40 build/stm32f4xx_hal_tim.o
                0x000000000800235c                HAL_TIM_PWM_Start
 .text.HAL_TIM_IC_Start_IT
                0x000000000800239c       0x68 build/stm32f4xx_hal_tim.o
                0x000000000800239c                HAL_TIM_IC_Start_IT
 .text.HAL_TIM_IC_Stop_IT
                0x0000000008002404       0x72 build/stm32f4xx_hal_tim.o
                0x0000000008002404                HAL_TIM_IC_Stop_IT
 *fill*         0x0000000008002476        0x2 
 .text.HAL_TIM_IRQHandler
                0x0000000008002478      0x374 build/stm32f4xx_hal_tim.o
                0x0000000008002478                HAL_TIM_IRQHandler
 .text.HAL_TIMEx_MasterConfigSynchronization
                0x00000000080027ec       0x88 build/stm32f4xx_hal_tim_ex.o
                0x00000000080027ec                HAL_TIMEx_MasterConfigSynchronization
 .text.HAL_TIMEx_ConfigBreakDeadTime
                0x0000000008002874       0x52 build/stm32f4xx_hal_tim_ex.o
                0x0000000008002874                HAL_TIMEx_ConfigBreakDeadTime
 .text.HAL_TIMEx_CommutCallback
                0x00000000080028c6        0x2 build/stm32f4xx_hal_tim_ex.o
                0x00000000080028c6                HAL_TIMEx_CommutCallback
 .text.HAL_TIMEx_BreakCallback
                0x00000000080028c8        0x2 build/stm32f4xx_hal_tim_ex.o
                0x00000000080028c8                HAL_TIMEx_BreakCallback
 *fill*         0x00000000080028ca        0x2 
 .text.UART_SetConfig
                0x00000000080028cc      0x1e8 build/stm32f4xx_hal_uart.o
 .text.HAL_UART_Init
                0x0000000008002ab4       0x5e build/stm32f4xx_hal_uart.o
                0x0000000008002ab4                HAL_UART_Init
 *fill*         0x0000000008002b12        0x2 
 .text.SystemInit
                0x0000000008002b14       0x1c build/system_stm32f4xx.o
                0x0000000008002b14                SystemInit
 .text.bsp_OLED_pow
                0x0000000008002b30       0x14 build/bsp_OLED.o
                0x0000000008002b30                bsp_OLED_pow
 .text.WriteCmd
                0x0000000008002b44       0x2c build/bsp_OLED.o
                0x0000000008002b44                WriteCmd
 .text.bsp_OLED_Init
                0x0000000008002b70       0xb2 build/bsp_OLED.o
                0x0000000008002b70                bsp_OLED_Init
 .text.bsp_OLED_SetPos
                0x0000000008002c22       0x26 build/bsp_OLED.o
                0x0000000008002c22                bsp_OLED_SetPos
 .text.bsp_OLED_ON
                0x0000000008002c48       0x16 build/bsp_OLED.o
                0x0000000008002c48                bsp_OLED_ON
 *fill*         0x0000000008002c5e        0x2 
 .text.WriteDat
                0x0000000008002c60       0x2c build/bsp_OLED.o
                0x0000000008002c60                WriteDat
 .text.bsp_OLED_Fill
                0x0000000008002c8c       0x3c build/bsp_OLED.o
                0x0000000008002c8c                bsp_OLED_Fill
 .text.bsp_OLED_CLR
                0x0000000008002cc8        0xa build/bsp_OLED.o
                0x0000000008002cc8                bsp_OLED_CLR
 *fill*         0x0000000008002cd2        0x2 
 .text.bsp_OLED_ShowChar
                0x0000000008002cd4       0x90 build/bsp_OLED.o
                0x0000000008002cd4                bsp_OLED_ShowChar
 .text.bsp_OLED_ShowNum
                0x0000000008002d64       0x94 build/bsp_OLED.o
                0x0000000008002d64                bsp_OLED_ShowNum
 .text.Reset_Handler
                0x0000000008002df8       0x50 build/startup_stm32f407xx.o
                0x0000000008002df8                Reset_Handler
 .text.Default_Handler
                0x0000000008002e48        0x2 build/startup_stm32f407xx.o
                0x0000000008002e48                DMA1_Stream3_IRQHandler
                0x0000000008002e48                HASH_RNG_IRQHandler
                0x0000000008002e48                EXTI2_IRQHandler
                0x0000000008002e48                TIM8_CC_IRQHandler
                0x0000000008002e48                DMA2_Stream5_IRQHandler
                0x0000000008002e48                DMA1_Stream5_IRQHandler
                0x0000000008002e48                PVD_IRQHandler
                0x0000000008002e48                SDIO_IRQHandler
                0x0000000008002e48                TAMP_STAMP_IRQHandler
                0x0000000008002e48                CAN2_RX1_IRQHandler
                0x0000000008002e48                EXTI3_IRQHandler
                0x0000000008002e48                TIM8_TRG_COM_TIM14_IRQHandler
                0x0000000008002e48                TIM1_UP_TIM10_IRQHandler
                0x0000000008002e48                TIM8_UP_TIM13_IRQHandler
                0x0000000008002e48                I2C3_ER_IRQHandler
                0x0000000008002e48                EXTI0_IRQHandler
                0x0000000008002e48                I2C2_EV_IRQHandler
                0x0000000008002e48                DMA1_Stream2_IRQHandler
                0x0000000008002e48                CAN1_RX0_IRQHandler
                0x0000000008002e48                FPU_IRQHandler
                0x0000000008002e48                OTG_HS_WKUP_IRQHandler
                0x0000000008002e48                CAN2_SCE_IRQHandler
                0x0000000008002e48                DMA2_Stream2_IRQHandler
                0x0000000008002e48                SPI1_IRQHandler
                0x0000000008002e48                TIM6_DAC_IRQHandler
                0x0000000008002e48                TIM1_BRK_TIM9_IRQHandler
                0x0000000008002e48                DCMI_IRQHandler
                0x0000000008002e48                CAN2_RX0_IRQHandler
                0x0000000008002e48                DMA2_Stream3_IRQHandler
                0x0000000008002e48                USART6_IRQHandler
                0x0000000008002e48                USART3_IRQHandler
                0x0000000008002e48                CAN1_RX1_IRQHandler
                0x0000000008002e48                UART5_IRQHandler
                0x0000000008002e48                DMA2_Stream0_IRQHandler
                0x0000000008002e48                TIM4_IRQHandler
                0x0000000008002e48                I2C1_EV_IRQHandler
                0x0000000008002e48                DMA1_Stream6_IRQHandler
                0x0000000008002e48                DMA1_Stream1_IRQHandler
                0x0000000008002e48                UART4_IRQHandler
                0x0000000008002e48                TIM3_IRQHandler
                0x0000000008002e48                TIM8_BRK_TIM12_IRQHandler
                0x0000000008002e48                Default_Handler
                0x0000000008002e48                EXTI15_10_IRQHandler
                0x0000000008002e48                ADC_IRQHandler
                0x0000000008002e48                DMA1_Stream7_IRQHandler
                0x0000000008002e48                TIM7_IRQHandler
                0x0000000008002e48                CAN2_TX_IRQHandler
                0x0000000008002e48                TIM5_IRQHandler
                0x0000000008002e48                DMA2_Stream7_IRQHandler
                0x0000000008002e48                I2C3_EV_IRQHandler
                0x0000000008002e48                EXTI9_5_IRQHandler
                0x0000000008002e48                RTC_WKUP_IRQHandler
                0x0000000008002e48                ETH_WKUP_IRQHandler
                0x0000000008002e48                SPI2_IRQHandler
                0x0000000008002e48                OTG_HS_EP1_IN_IRQHandler
                0x0000000008002e48                DMA1_Stream0_IRQHandler
                0x0000000008002e48                CAN1_TX_IRQHandler
                0x0000000008002e48                EXTI4_IRQHandler
                0x0000000008002e48                FSMC_IRQHandler
                0x0000000008002e48                ETH_IRQHandler
                0x0000000008002e48                OTG_HS_EP1_OUT_IRQHandler
                0x0000000008002e48                WWDG_IRQHandler
                0x0000000008002e48                TIM2_IRQHandler
                0x0000000008002e48                OTG_FS_WKUP_IRQHandler
                0x0000000008002e48                TIM1_TRG_COM_TIM11_IRQHandler
                0x0000000008002e48                OTG_HS_IRQHandler
                0x0000000008002e48                EXTI1_IRQHandler
                0x0000000008002e48                USART2_IRQHandler
                0x0000000008002e48                I2C2_ER_IRQHandler
                0x0000000008002e48                DMA2_Stream1_IRQHandler
                0x0000000008002e48                CAN1_SCE_IRQHandler
                0x0000000008002e48                FLASH_IRQHandler
                0x0000000008002e48                DMA2_Stream4_IRQHandler
                0x0000000008002e48                USART1_IRQHandler
                0x0000000008002e48                OTG_FS_IRQHandler
                0x0000000008002e48                SPI3_IRQHandler
                0x0000000008002e48                DMA1_Stream4_IRQHandler
                0x0000000008002e48                I2C1_ER_IRQHandler
                0x0000000008002e48                DMA2_Stream6_IRQHandler
                0x0000000008002e48                RTC_Alarm_IRQHandler
 *fill*         0x0000000008002e4a        0x2 
 .text.__libc_init_array
                0x0000000008002e4c       0x48 /Applications/ARM/bin/../lib/gcc/arm-none-eabi/9.3.1/../../../../arm-none-eabi/lib/thumb/v7e-m+fp/hard/libc_nano.a(lib_a-init.o)
                0x0000000008002e4c                __libc_init_array
 .text.memset   0x0000000008002e94       0x10 /Applications/ARM/bin/../lib/gcc/arm-none-eabi/9.3.1/../../../../arm-none-eabi/lib/thumb/v7e-m+fp/hard/libc_nano.a(lib_a-memset.o)
                0x0000000008002e94                memset
 *(.glue_7)
 .glue_7        0x0000000008002ea4        0x0 linker stubs
 *(.glue_7t)
 .glue_7t       0x0000000008002ea4        0x0 linker stubs
 *(.eh_frame)
 .eh_frame      0x0000000008002ea4        0x0 /Applications/ARM/bin/../lib/gcc/arm-none-eabi/9.3.1/thumb/v7e-m+fp/hard/crtbegin.o
 *(.init)
 .init          0x0000000008002ea4        0x4 /Applications/ARM/bin/../lib/gcc/arm-none-eabi/9.3.1/thumb/v7e-m+fp/hard/crti.o
                0x0000000008002ea4                _init
 .init          0x0000000008002ea8        0x8 /Applications/ARM/bin/../lib/gcc/arm-none-eabi/9.3.1/thumb/v7e-m+fp/hard/crtn.o
 *(.fini)
 .fini          0x0000000008002eb0        0x4 /Applications/ARM/bin/../lib/gcc/arm-none-eabi/9.3.1/thumb/v7e-m+fp/hard/crti.o
                0x0000000008002eb0                _fini
 .fini          0x0000000008002eb4        0x8 /Applications/ARM/bin/../lib/gcc/arm-none-eabi/9.3.1/thumb/v7e-m+fp/hard/crtn.o
                0x0000000008002ebc                . = ALIGN (0x4)
                0x0000000008002ebc                _etext = .

.vfp11_veneer   0x0000000008002ebc        0x0
 .vfp11_veneer  0x0000000008002ebc        0x0 linker stubs

.v4_bx          0x0000000008002ebc        0x0
 .v4_bx         0x0000000008002ebc        0x0 linker stubs

.iplt           0x0000000008002ebc        0x0
 .iplt          0x0000000008002ebc        0x0 /Applications/ARM/bin/../lib/gcc/arm-none-eabi/9.3.1/thumb/v7e-m+fp/hard/crtbegin.o

.rodata         0x0000000008002ebc      0x830
                0x0000000008002ebc                . = ALIGN (0x4)
 *(.rodata)
 *(.rodata*)
 .rodata.AHBPrescTable
                0x0000000008002ebc       0x10 build/system_stm32f4xx.o
                0x0000000008002ebc                AHBPrescTable
 .rodata.APBPrescTable
                0x0000000008002ecc        0x8 build/system_stm32f4xx.o
                0x0000000008002ecc                APBPrescTable
 .rodata.F6x8   0x0000000008002ed4      0x228 build/bsp_OLED.o
                0x0000000008002ed4                F6x8
 .rodata.F8X16  0x00000000080030fc      0x5f0 build/bsp_OLED.o
                0x00000000080030fc                F8X16
                0x00000000080036ec                . = ALIGN (0x4)

.ARM.extab
 *(.ARM.extab* .gnu.linkonce.armextab.*)

.ARM            0x00000000080036ec        0x8
                0x00000000080036ec                __exidx_start = .
 *(.ARM.exidx*)
 .ARM.exidx     0x00000000080036ec        0x8 /Applications/ARM/bin/../lib/gcc/arm-none-eabi/9.3.1/thumb/v7e-m+fp/hard/libgcc.a(_udivmoddi4.o)
                0x00000000080036f4                __exidx_end = .

.rel.dyn        0x00000000080036f4        0x0
 .rel.iplt      0x00000000080036f4        0x0 /Applications/ARM/bin/../lib/gcc/arm-none-eabi/9.3.1/thumb/v7e-m+fp/hard/crtbegin.o

.preinit_array  0x00000000080036f4        0x0
                0x00000000080036f4                PROVIDE (__preinit_array_start = .)
 *(.preinit_array*)
                0x00000000080036f4                PROVIDE (__preinit_array_end = .)

.init_array     0x00000000080036f4        0x4
                0x00000000080036f4                PROVIDE (__init_array_start = .)
 *(SORT_BY_NAME(.init_array.*))
 *(.init_array*)
 .init_array    0x00000000080036f4        0x4 /Applications/ARM/bin/../lib/gcc/arm-none-eabi/9.3.1/thumb/v7e-m+fp/hard/crtbegin.o
                0x00000000080036f8                PROVIDE (__init_array_end = .)

.fini_array     0x00000000080036f8        0x4
                [!provide]                        PROVIDE (__fini_array_start = .)
 *(SORT_BY_NAME(.fini_array.*))
 *(.fini_array*)
 .fini_array    0x00000000080036f8        0x4 /Applications/ARM/bin/../lib/gcc/arm-none-eabi/9.3.1/thumb/v7e-m+fp/hard/crtbegin.o
                [!provide]                        PROVIDE (__fini_array_end = .)
                0x00000000080036fc                _sidata = LOADADDR (.data)

.data           0x0000000020000000        0xc load address 0x00000000080036fc
                0x0000000020000000                . = ALIGN (0x4)
                0x0000000020000000                _sdata = .
 *(.data)
 *(.data*)
 .data.uwTickFreq
                0x0000000020000000        0x1 build/stm32f4xx_hal.o
                0x0000000020000000                uwTickFreq
 *fill*         0x0000000020000001        0x3 
 .data.uwTickPrio
                0x0000000020000004        0x4 build/stm32f4xx_hal.o
                0x0000000020000004                uwTickPrio
 .data.SystemCoreClock
                0x0000000020000008        0x4 build/system_stm32f4xx.o
                0x0000000020000008                SystemCoreClock
                0x000000002000000c                . = ALIGN (0x4)
                0x000000002000000c                _edata = .
                0x0000000008003708                _siccmram = LOADADDR (.ccmram)

.igot.plt       0x000000002000000c        0x0 load address 0x0000000008003708
 .igot.plt      0x000000002000000c        0x0 /Applications/ARM/bin/../lib/gcc/arm-none-eabi/9.3.1/thumb/v7e-m+fp/hard/crtbegin.o

.ccmram         0x0000000010000000        0x0 load address 0x0000000008003708
                0x0000000010000000                . = ALIGN (0x4)
                0x0000000010000000                _sccmram = .
 *(.ccmram)
 *(.ccmram*)
                0x0000000010000000                . = ALIGN (0x4)
                0x0000000010000000                _eccmram = .
                0x0000000010000000                . = ALIGN (0x4)

.bss            0x000000002000000c      0x2ac
                0x000000002000000c                _sbss = .
                0x000000002000000c                __bss_start__ = _sbss
 *(.bss)
 .bss           0x000000002000000c       0x1c /Applications/ARM/bin/../lib/gcc/arm-none-eabi/9.3.1/thumb/v7e-m+fp/hard/crtbegin.o
 *(.bss*)
 .bss.capture_Buf
                0x0000000020000028       0x20 build/main.o
                0x0000000020000028                capture_Buf
 .bss.capture_Cnt
                0x0000000020000048       0x10 build/main.o
                0x0000000020000048                capture_Cnt
 .bss.high_time
                0x0000000020000058       0x10 build/main.o
                0x0000000020000058                high_time
 *(COMMON)
 COMMON         0x0000000020000068      0x24c build/main.o
                0x0000000020000068                htim8
                0x00000000200000a8                huart3
                0x00000000200000e8                hi2c1
                0x000000002000013c                hi2c2
                0x0000000020000190                temp
                0x00000000200001a4                htim1
                0x00000000200001e4                buf
                0x0000000020000234                htim2
                0x0000000020000274                huart2
 COMMON         0x00000000200002b4        0x4 build/stm32f4xx_hal.o
                0x00000000200002b4                uwTick
                0x00000000200002b8                . = ALIGN (0x4)
                0x00000000200002b8                _ebss = .
                0x00000000200002b8                __bss_end__ = _ebss

._user_heap_stack
                0x00000000200002b8      0x600
                0x00000000200002b8                . = ALIGN (0x8)
                [!provide]                        PROVIDE (end = .)
                [!provide]                        PROVIDE (_end = .)
                0x00000000200004b8                . = (. + _Min_Heap_Size)
 *fill*         0x00000000200002b8      0x200 
                0x00000000200008b8                . = (. + _Min_Stack_Size)
 *fill*         0x00000000200004b8      0x400 
                0x00000000200008b8                . = ALIGN (0x8)

/DISCARD/
 libc.a(*)
 libm.a(*)
 libgcc.a(*)

.ARM.attributes
                0x0000000000000000       0x30
 *(.ARM.attributes)
 .ARM.attributes
                0x0000000000000000       0x1e /Applications/ARM/bin/../lib/gcc/arm-none-eabi/9.3.1/thumb/v7e-m+fp/hard/crti.o
 .ARM.attributes
                0x000000000000001e       0x34 /Applications/ARM/bin/../lib/gcc/arm-none-eabi/9.3.1/thumb/v7e-m+fp/hard/crtbegin.o
 .ARM.attributes
                0x0000000000000052       0x34 build/main.o
 .ARM.attributes
                0x0000000000000086       0x34 build/stm32f4xx_it.o
 .ARM.attributes
                0x00000000000000ba       0x34 build/stm32f4xx_hal_msp.o
 .ARM.attributes
                0x00000000000000ee       0x34 build/stm32f4xx_hal_i2c.o
 .ARM.attributes
                0x0000000000000122       0x34 build/stm32f4xx_hal_rcc.o
 .ARM.attributes
                0x0000000000000156       0x34 build/stm32f4xx_hal_gpio.o
 .ARM.attributes
                0x000000000000018a       0x34 build/stm32f4xx_hal_cortex.o
 .ARM.attributes
                0x00000000000001be       0x34 build/stm32f4xx_hal.o
 .ARM.attributes
                0x00000000000001f2       0x34 build/stm32f4xx_hal_tim.o
 .ARM.attributes
                0x0000000000000226       0x34 build/stm32f4xx_hal_tim_ex.o
 .ARM.attributes
                0x000000000000025a       0x34 build/stm32f4xx_hal_uart.o
 .ARM.attributes
                0x000000000000028e       0x34 build/system_stm32f4xx.o
 .ARM.attributes
                0x00000000000002c2       0x34 build/bsp_OLED.o
 .ARM.attributes
                0x00000000000002f6       0x21 build/startup_stm32f407xx.o
 .ARM.attributes
                0x0000000000000317       0x34 /Applications/ARM/bin/../lib/gcc/arm-none-eabi/9.3.1/../../../../arm-none-eabi/lib/thumb/v7e-m+fp/hard/libc_nano.a(lib_a-init.o)
 .ARM.attributes
                0x000000000000034b       0x34 /Applications/ARM/bin/../lib/gcc/arm-none-eabi/9.3.1/../../../../arm-none-eabi/lib/thumb/v7e-m+fp/hard/libc_nano.a(lib_a-memset.o)
 .ARM.attributes
                0x000000000000037f       0x1e /Applications/ARM/bin/../lib/gcc/arm-none-eabi/9.3.1/thumb/v7e-m+fp/hard/libgcc.a(_aeabi_uldivmod.o)
 .ARM.attributes
                0x000000000000039d       0x34 /Applications/ARM/bin/../lib/gcc/arm-none-eabi/9.3.1/thumb/v7e-m+fp/hard/libgcc.a(_udivmoddi4.o)
 .ARM.attributes
                0x00000000000003d1       0x1e /Applications/ARM/bin/../lib/gcc/arm-none-eabi/9.3.1/thumb/v7e-m+fp/hard/libgcc.a(_dvmd_tls.o)
 .ARM.attributes
                0x00000000000003ef       0x1e /Applications/ARM/bin/../lib/gcc/arm-none-eabi/9.3.1/thumb/v7e-m+fp/hard/crtn.o
OUTPUT(build/PIONEER.elf elf32-littlearm)
LOAD linker stubs
LOAD /Applications/ARM/bin/../lib/gcc/arm-none-eabi/9.3.1/../../../../arm-none-eabi/lib/thumb/v7e-m+fp/hard/libc.a
LOAD /Applications/ARM/bin/../lib/gcc/arm-none-eabi/9.3.1/../../../../arm-none-eabi/lib/thumb/v7e-m+fp/hard/libm.a
LOAD /Applications/ARM/bin/../lib/gcc/arm-none-eabi/9.3.1/thumb/v7e-m+fp/hard/libgcc.a

.debug_info     0x0000000000000000    0x13381
 .debug_info    0x0000000000000000     0x1b7d build/main.o
 .debug_info    0x0000000000001b7d      0x866 build/stm32f4xx_it.o
 .debug_info    0x00000000000023e3     0x17fa build/stm32f4xx_hal_msp.o
 .debug_info    0x0000000000003bdd     0x3bda build/stm32f4xx_hal_i2c.o
 .debug_info    0x00000000000077b7      0xc44 build/stm32f4xx_hal_rcc.o
 .debug_info    0x00000000000083fb      0x915 build/stm32f4xx_hal_gpio.o
 .debug_info    0x0000000000008d10     0x123e build/stm32f4xx_hal_cortex.o
 .debug_info    0x0000000000009f4e      0xb5e build/stm32f4xx_hal.o
 .debug_info    0x000000000000aaac     0x3b51 build/stm32f4xx_hal_tim.o
 .debug_info    0x000000000000e5fd     0x187c build/stm32f4xx_hal_tim_ex.o
 .debug_info    0x000000000000fe79     0x1b31 build/stm32f4xx_hal_uart.o
 .debug_info    0x00000000000119aa      0x63c build/system_stm32f4xx.o
 .debug_info    0x0000000000011fe6     0x1379 build/bsp_OLED.o
 .debug_info    0x000000000001335f       0x22 build/startup_stm32f407xx.o

.debug_abbrev   0x0000000000000000     0x2142
 .debug_abbrev  0x0000000000000000      0x29f build/main.o
 .debug_abbrev  0x000000000000029f      0x1aa build/stm32f4xx_it.o
 .debug_abbrev  0x0000000000000449      0x27b build/stm32f4xx_hal_msp.o
 .debug_abbrev  0x00000000000006c4      0x31f build/stm32f4xx_hal_i2c.o
 .debug_abbrev  0x00000000000009e3      0x2cd build/stm32f4xx_hal_rcc.o
 .debug_abbrev  0x0000000000000cb0      0x258 build/stm32f4xx_hal_gpio.o
 .debug_abbrev  0x0000000000000f08      0x3a8 build/stm32f4xx_hal_cortex.o
 .debug_abbrev  0x00000000000012b0      0x21c build/stm32f4xx_hal.o
 .debug_abbrev  0x00000000000014cc      0x2af build/stm32f4xx_hal_tim.o
 .debug_abbrev  0x000000000000177b      0x2ab build/stm32f4xx_hal_tim_ex.o
 .debug_abbrev  0x0000000000001a26      0x318 build/stm32f4xx_hal_uart.o
 .debug_abbrev  0x0000000000001d3e      0x14a build/system_stm32f4xx.o
 .debug_abbrev  0x0000000000001e88      0x2a8 build/bsp_OLED.o
 .debug_abbrev  0x0000000000002130       0x12 build/startup_stm32f407xx.o

.debug_loc      0x0000000000000000     0xee57
 .debug_loc     0x0000000000000000      0x1ba build/main.o
 .debug_loc     0x00000000000001ba       0x40 build/stm32f4xx_it.o
 .debug_loc     0x00000000000001fa      0x442 build/stm32f4xx_hal_msp.o
 .debug_loc     0x000000000000063c     0x4b55 build/stm32f4xx_hal_i2c.o
 .debug_loc     0x0000000000005191      0x6c7 build/stm32f4xx_hal_rcc.o
 .debug_loc     0x0000000000005858      0x5c7 build/stm32f4xx_hal_gpio.o
 .debug_loc     0x0000000000005e1f      0x7d4 build/stm32f4xx_hal_cortex.o
 .debug_loc     0x00000000000065f3      0x1e1 build/stm32f4xx_hal.o
 .debug_loc     0x00000000000067d4     0x45b2 build/stm32f4xx_hal_tim.o
 .debug_loc     0x000000000000ad86     0x15b0 build/stm32f4xx_hal_tim_ex.o
 .debug_loc     0x000000000000c336     0x1d79 build/stm32f4xx_hal_uart.o
 .debug_loc     0x000000000000e0af      0x16c build/system_stm32f4xx.o
 .debug_loc     0x000000000000e21b      0xc3c build/bsp_OLED.o

.debug_aranges  0x0000000000000000      0xe18
 .debug_aranges
                0x0000000000000000       0x70 build/main.o
 .debug_aranges
                0x0000000000000070       0x70 build/stm32f4xx_it.o
 .debug_aranges
                0x00000000000000e0       0x78 build/stm32f4xx_hal_msp.o
 .debug_aranges
                0x0000000000000158      0x2a0 build/stm32f4xx_hal_i2c.o
 .debug_aranges
                0x00000000000003f8       0x88 build/stm32f4xx_hal_rcc.o
 .debug_aranges
                0x0000000000000480       0x58 build/stm32f4xx_hal_gpio.o
 .debug_aranges
                0x00000000000004d8       0xa8 build/stm32f4xx_hal_cortex.o
 .debug_aranges
                0x0000000000000580       0xf0 build/stm32f4xx_hal.o
 .debug_aranges
                0x0000000000000670      0x3a8 build/stm32f4xx_hal_tim.o
 .debug_aranges
                0x0000000000000a18      0x150 build/stm32f4xx_hal_tim_ex.o
 .debug_aranges
                0x0000000000000b68      0x1d0 build/stm32f4xx_hal_uart.o
 .debug_aranges
                0x0000000000000d38       0x28 build/system_stm32f4xx.o
 .debug_aranges
                0x0000000000000d60       0x90 build/bsp_OLED.o
 .debug_aranges
                0x0000000000000df0       0x28 build/startup_stm32f407xx.o

.debug_ranges   0x0000000000000000      0xdd0
 .debug_ranges  0x0000000000000000       0x60 build/main.o
 .debug_ranges  0x0000000000000060       0x60 build/stm32f4xx_it.o
 .debug_ranges  0x00000000000000c0       0x68 build/stm32f4xx_hal_msp.o
 .debug_ranges  0x0000000000000128      0x2a8 build/stm32f4xx_hal_i2c.o
 .debug_ranges  0x00000000000003d0       0x90 build/stm32f4xx_hal_rcc.o
 .debug_ranges  0x0000000000000460       0x48 build/stm32f4xx_hal_gpio.o
 .debug_ranges  0x00000000000004a8       0xf8 build/stm32f4xx_hal_cortex.o
 .debug_ranges  0x00000000000005a0       0xe0 build/stm32f4xx_hal.o
 .debug_ranges  0x0000000000000680      0x398 build/stm32f4xx_hal_tim.o
 .debug_ranges  0x0000000000000a18      0x140 build/stm32f4xx_hal_tim_ex.o
 .debug_ranges  0x0000000000000b58      0x1c0 build/stm32f4xx_hal_uart.o
 .debug_ranges  0x0000000000000d18       0x18 build/system_stm32f4xx.o
 .debug_ranges  0x0000000000000d30       0x80 build/bsp_OLED.o
 .debug_ranges  0x0000000000000db0       0x20 build/startup_stm32f407xx.o

.debug_line     0x0000000000000000     0xf043
 .debug_line    0x0000000000000000      0x7ac build/main.o
 .debug_line    0x00000000000007ac      0x2c8 build/stm32f4xx_it.o
 .debug_line    0x0000000000000a74      0x5ca build/stm32f4xx_hal_msp.o
 .debug_line    0x000000000000103e     0x50ff build/stm32f4xx_hal_i2c.o
 .debug_line    0x000000000000613d      0xaf6 build/stm32f4xx_hal_rcc.o
 .debug_line    0x0000000000006c33      0x6e7 build/stm32f4xx_hal_gpio.o
 .debug_line    0x000000000000731a      0x760 build/stm32f4xx_hal_cortex.o
 .debug_line    0x0000000000007a7a      0x523 build/stm32f4xx_hal.o
 .debug_line    0x0000000000007f9d     0x37cf build/stm32f4xx_hal_tim.o
 .debug_line    0x000000000000b76c     0x11b1 build/stm32f4xx_hal_tim_ex.o
 .debug_line    0x000000000000c91d     0x1c27 build/stm32f4xx_hal_uart.o
 .debug_line    0x000000000000e544      0x24c build/system_stm32f4xx.o
 .debug_line    0x000000000000e790      0x840 build/bsp_OLED.o
 .debug_line    0x000000000000efd0       0x73 build/startup_stm32f407xx.o

.debug_str      0x0000000000000000     0x41ed
 .debug_str     0x0000000000000000     0x1057 build/main.o
                                       0x116c (size before relaxing)
 .debug_str     0x0000000000001057       0xe9 build/stm32f4xx_it.o
                                        0x753 (size before relaxing)
 .debug_str     0x0000000000001140      0x6c2 build/stm32f4xx_hal_msp.o
                                       0x1278 (size before relaxing)
 .debug_str     0x0000000000001802      0x919 build/stm32f4xx_hal_i2c.o
                                       0x10c4 (size before relaxing)
 .debug_str     0x000000000000211b      0x1c0 build/stm32f4xx_hal_rcc.o
                                        0x762 (size before relaxing)
 .debug_str     0x00000000000022db      0x14e build/stm32f4xx_hal_gpio.o
                                        0x584 (size before relaxing)
 .debug_str     0x0000000000002429      0x4cb build/stm32f4xx_hal_cortex.o
                                        0xcbe (size before relaxing)
 .debug_str     0x00000000000028f4      0x229 build/stm32f4xx_hal.o
                                        0xb7f (size before relaxing)
 .debug_str     0x0000000000002b1d      0xc20 build/stm32f4xx_hal_tim.o
                                       0x1589 (size before relaxing)
 .debug_str     0x000000000000373d      0x423 build/stm32f4xx_hal_tim_ex.o
                                        0xd79 (size before relaxing)
 .debug_str     0x0000000000003b60      0x504 build/stm32f4xx_hal_uart.o
                                        0xcc5 (size before relaxing)
 .debug_str     0x0000000000004064       0x47 build/system_stm32f4xx.o
                                        0x3ed (size before relaxing)
 .debug_str     0x00000000000040ab      0x11e build/bsp_OLED.o
                                        0x8a7 (size before relaxing)
 .debug_str     0x00000000000041c9       0x24 build/startup_stm32f407xx.o
                                         0x43 (size before relaxing)

.comment        0x0000000000000000       0x4c
 .comment       0x0000000000000000       0x4c build/main.o
                                         0x4d (size before relaxing)
 .comment       0x000000000000004c       0x4d build/stm32f4xx_it.o
 .comment       0x000000000000004c       0x4d build/stm32f4xx_hal_msp.o
 .comment       0x000000000000004c       0x4d build/stm32f4xx_hal_i2c.o
 .comment       0x000000000000004c       0x4d build/stm32f4xx_hal_rcc.o
 .comment       0x000000000000004c       0x4d build/stm32f4xx_hal_gpio.o
 .comment       0x000000000000004c       0x4d build/stm32f4xx_hal_cortex.o
 .comment       0x000000000000004c       0x4d build/stm32f4xx_hal.o
 .comment       0x000000000000004c       0x4d build/stm32f4xx_hal_tim.o
 .comment       0x000000000000004c       0x4d build/stm32f4xx_hal_tim_ex.o
 .comment       0x000000000000004c       0x4d build/stm32f4xx_hal_uart.o
 .comment       0x000000000000004c       0x4d build/system_stm32f4xx.o
 .comment       0x000000000000004c       0x4d build/bsp_OLED.o

.debug_frame    0x0000000000000000     0x2800
 .debug_frame   0x0000000000000000      0x130 build/main.o
 .debug_frame   0x0000000000000130       0xd0 build/stm32f4xx_it.o
 .debug_frame   0x0000000000000200      0x148 build/stm32f4xx_hal_msp.o
 .debug_frame   0x0000000000000348      0x968 build/stm32f4xx_hal_i2c.o
 .debug_frame   0x0000000000000cb0      0x174 build/stm32f4xx_hal_rcc.o
 .debug_frame   0x0000000000000e24       0xd8 build/stm32f4xx_hal_gpio.o
 .debug_frame   0x0000000000000efc      0x15c build/stm32f4xx_hal_cortex.o
 .debug_frame   0x0000000000001058      0x1ec build/stm32f4xx_hal.o
 .debug_frame   0x0000000000001244      0xa80 build/stm32f4xx_hal_tim.o
 .debug_frame   0x0000000000001cc4      0x3b4 build/stm32f4xx_hal_tim_ex.o
 .debug_frame   0x0000000000002078      0x4ec build/stm32f4xx_hal_uart.o
 .debug_frame   0x0000000000002564       0x30 build/system_stm32f4xx.o
 .debug_frame   0x0000000000002594      0x1c0 build/bsp_OLED.o
 .debug_frame   0x0000000000002754       0x2c /Applications/ARM/bin/../lib/gcc/arm-none-eabi/9.3.1/../../../../arm-none-eabi/lib/thumb/v7e-m+fp/hard/libc_nano.a(lib_a-init.o)
 .debug_frame   0x0000000000002780       0x20 /Applications/ARM/bin/../lib/gcc/arm-none-eabi/9.3.1/../../../../arm-none-eabi/lib/thumb/v7e-m+fp/hard/libc_nano.a(lib_a-memset.o)
 .debug_frame   0x00000000000027a0       0x2c /Applications/ARM/bin/../lib/gcc/arm-none-eabi/9.3.1/thumb/v7e-m+fp/hard/libgcc.a(_aeabi_uldivmod.o)
 .debug_frame   0x00000000000027cc       0x34 /Applications/ARM/bin/../lib/gcc/arm-none-eabi/9.3.1/thumb/v7e-m+fp/hard/libgcc.a(_udivmoddi4.o)

Cross Reference Table

Symbol                                            File
ADC_IRQHandler                                    build/startup_stm32f407xx.o
AHBPrescTable                                     build/system_stm32f4xx.o
                                                  build/stm32f4xx_hal_rcc.o
APBPrescTable                                     build/system_stm32f4xx.o
                                                  build/stm32f4xx_hal_rcc.o
BusFault_Handler                                  build/stm32f4xx_it.o
CAN1_RX0_IRQHandler                               build/startup_stm32f407xx.o
CAN1_RX1_IRQHandler                               build/startup_stm32f407xx.o
CAN1_SCE_IRQHandler                               build/startup_stm32f407xx.o
CAN1_TX_IRQHandler                                build/startup_stm32f407xx.o
CAN2_RX0_IRQHandler                               build/startup_stm32f407xx.o
CAN2_RX1_IRQHandler                               build/startup_stm32f407xx.o
CAN2_SCE_IRQHandler                               build/startup_stm32f407xx.o
CAN2_TX_IRQHandler                                build/startup_stm32f407xx.o
DCMI_IRQHandler                                   build/startup_stm32f407xx.o
DMA1_Stream0_IRQHandler                           build/startup_stm32f407xx.o
DMA1_Stream1_IRQHandler                           build/startup_stm32f407xx.o
DMA1_Stream2_IRQHandler                           build/startup_stm32f407xx.o
DMA1_Stream3_IRQHandler                           build/startup_stm32f407xx.o
DMA1_Stream4_IRQHandler                           build/startup_stm32f407xx.o
DMA1_Stream5_IRQHandler                           build/startup_stm32f407xx.o
DMA1_Stream6_IRQHandler                           build/startup_stm32f407xx.o
DMA1_Stream7_IRQHandler                           build/startup_stm32f407xx.o
DMA2_Stream0_IRQHandler                           build/startup_stm32f407xx.o
DMA2_Stream1_IRQHandler                           build/startup_stm32f407xx.o
DMA2_Stream2_IRQHandler                           build/startup_stm32f407xx.o
DMA2_Stream3_IRQHandler                           build/startup_stm32f407xx.o
DMA2_Stream4_IRQHandler                           build/startup_stm32f407xx.o
DMA2_Stream5_IRQHandler                           build/startup_stm32f407xx.o
DMA2_Stream6_IRQHandler                           build/startup_stm32f407xx.o
DMA2_Stream7_IRQHandler                           build/startup_stm32f407xx.o
DebugMon_Handler                                  build/stm32f4xx_it.o
Default_Handler                                   build/startup_stm32f407xx.o
ETH_IRQHandler                                    build/startup_stm32f407xx.o
ETH_WKUP_IRQHandler                               build/startup_stm32f407xx.o
EXTI0_IRQHandler                                  build/startup_stm32f407xx.o
EXTI15_10_IRQHandler                              build/startup_stm32f407xx.o
EXTI1_IRQHandler                                  build/startup_stm32f407xx.o
EXTI2_IRQHandler                                  build/startup_stm32f407xx.o
EXTI3_IRQHandler                                  build/startup_stm32f407xx.o
EXTI4_IRQHandler                                  build/startup_stm32f407xx.o
EXTI9_5_IRQHandler                                build/startup_stm32f407xx.o
Error_Handler                                     build/main.o
F16x16                                            build/bsp_OLED.o
F6x8                                              build/bsp_OLED.o
F8X16                                             build/bsp_OLED.o
FLASH_Erase_Sector                                build/stm32f4xx_hal_flash_ex.o
                                                  build/stm32f4xx_hal_flash.o
FLASH_FlushCaches                                 build/stm32f4xx_hal_flash_ex.o
                                                  build/stm32f4xx_hal_flash.o
FLASH_IRQHandler                                  build/startup_stm32f407xx.o
FLASH_WaitForLastOperation                        build/stm32f4xx_hal_flash.o
                                                  build/stm32f4xx_hal_flash_ex.o
FPU_IRQHandler                                    build/startup_stm32f407xx.o
FSMC_IRQHandler                                   build/startup_stm32f407xx.o
HAL_DBGMCU_DisableDBGSleepMode                    build/stm32f4xx_hal.o
HAL_DBGMCU_DisableDBGStandbyMode                  build/stm32f4xx_hal.o
HAL_DBGMCU_DisableDBGStopMode                     build/stm32f4xx_hal.o
HAL_DBGMCU_EnableDBGSleepMode                     build/stm32f4xx_hal.o
HAL_DBGMCU_EnableDBGStandbyMode                   build/stm32f4xx_hal.o
HAL_DBGMCU_EnableDBGStopMode                      build/stm32f4xx_hal.o
HAL_DMAEx_ChangeMemory                            build/stm32f4xx_hal_dma_ex.o
HAL_DMAEx_MultiBufferStart                        build/stm32f4xx_hal_dma_ex.o
HAL_DMAEx_MultiBufferStart_IT                     build/stm32f4xx_hal_dma_ex.o
HAL_DMA_Abort                                     build/stm32f4xx_hal_dma.o
                                                  build/stm32f4xx_hal_uart.o
HAL_DMA_Abort_IT                                  build/stm32f4xx_hal_dma.o
                                                  build/stm32f4xx_hal_uart.o
                                                  build/stm32f4xx_hal_tim_ex.o
                                                  build/stm32f4xx_hal_tim.o
                                                  build/stm32f4xx_hal_i2c.o
HAL_DMA_DeInit                                    build/stm32f4xx_hal_dma.o
HAL_DMA_GetError                                  build/stm32f4xx_hal_dma.o
                                                  build/stm32f4xx_hal_uart.o
                                                  build/stm32f4xx_hal_i2c.o
HAL_DMA_GetState                                  build/stm32f4xx_hal_dma.o
                                                  build/stm32f4xx_hal_i2c.o
HAL_DMA_IRQHandler                                build/stm32f4xx_hal_dma.o
HAL_DMA_Init                                      build/stm32f4xx_hal_dma.o
HAL_DMA_PollForTransfer                           build/stm32f4xx_hal_dma.o
HAL_DMA_RegisterCallback                          build/stm32f4xx_hal_dma.o
HAL_DMA_Start                                     build/stm32f4xx_hal_dma.o
HAL_DMA_Start_IT                                  build/stm32f4xx_hal_dma.o
                                                  build/stm32f4xx_hal_uart.o
                                                  build/stm32f4xx_hal_tim_ex.o
                                                  build/stm32f4xx_hal_tim.o
                                                  build/stm32f4xx_hal_i2c.o
HAL_DMA_UnRegisterCallback                        build/stm32f4xx_hal_dma.o
HAL_DeInit                                        build/stm32f4xx_hal.o
HAL_Delay                                         build/stm32f4xx_hal.o
                                                  build/bsp_OLED.o
HAL_DisableCompensationCell                       build/stm32f4xx_hal.o
HAL_EXTI_ClearConfigLine                          build/stm32f4xx_hal_exti.o
HAL_EXTI_ClearPending                             build/stm32f4xx_hal_exti.o
HAL_EXTI_GenerateSWI                              build/stm32f4xx_hal_exti.o
HAL_EXTI_GetConfigLine                            build/stm32f4xx_hal_exti.o
HAL_EXTI_GetHandle                                build/stm32f4xx_hal_exti.o
HAL_EXTI_GetPending                               build/stm32f4xx_hal_exti.o
HAL_EXTI_IRQHandler                               build/stm32f4xx_hal_exti.o
HAL_EXTI_RegisterCallback                         build/stm32f4xx_hal_exti.o
HAL_EXTI_SetConfigLine                            build/stm32f4xx_hal_exti.o
HAL_EnableCompensationCell                        build/stm32f4xx_hal.o
HAL_FLASHEx_Erase                                 build/stm32f4xx_hal_flash_ex.o
HAL_FLASHEx_Erase_IT                              build/stm32f4xx_hal_flash_ex.o
HAL_FLASHEx_OBGetConfig                           build/stm32f4xx_hal_flash_ex.o
HAL_FLASHEx_OBProgram                             build/stm32f4xx_hal_flash_ex.o
HAL_FLASH_EndOfOperationCallback                  build/stm32f4xx_hal_flash.o
HAL_FLASH_GetError                                build/stm32f4xx_hal_flash.o
HAL_FLASH_IRQHandler                              build/stm32f4xx_hal_flash.o
HAL_FLASH_Lock                                    build/stm32f4xx_hal_flash.o
HAL_FLASH_OB_Launch                               build/stm32f4xx_hal_flash.o
HAL_FLASH_OB_Lock                                 build/stm32f4xx_hal_flash.o
HAL_FLASH_OB_Unlock                               build/stm32f4xx_hal_flash.o
HAL_FLASH_OperationErrorCallback                  build/stm32f4xx_hal_flash.o
HAL_FLASH_Program                                 build/stm32f4xx_hal_flash.o
HAL_FLASH_Program_IT                              build/stm32f4xx_hal_flash.o
HAL_FLASH_Unlock                                  build/stm32f4xx_hal_flash.o
HAL_GPIO_DeInit                                   build/stm32f4xx_hal_gpio.o
                                                  build/stm32f4xx_hal_msp.o
HAL_GPIO_EXTI_Callback                            build/stm32f4xx_hal_gpio.o
HAL_GPIO_EXTI_IRQHandler                          build/stm32f4xx_hal_gpio.o
HAL_GPIO_Init                                     build/stm32f4xx_hal_gpio.o
                                                  build/stm32f4xx_hal_rcc.o
                                                  build/stm32f4xx_hal_msp.o
HAL_GPIO_LockPin                                  build/stm32f4xx_hal_gpio.o
HAL_GPIO_ReadPin                                  build/stm32f4xx_hal_gpio.o
HAL_GPIO_TogglePin                                build/stm32f4xx_hal_gpio.o
HAL_GPIO_WritePin                                 build/stm32f4xx_hal_gpio.o
HAL_GetDEVID                                      build/stm32f4xx_hal.o
HAL_GetHalVersion                                 build/stm32f4xx_hal.o
HAL_GetREVID                                      build/stm32f4xx_hal.o
HAL_GetTick                                       build/stm32f4xx_hal.o
                                                  build/stm32f4xx_hal_uart.o
                                                  build/stm32f4xx_hal_pwr_ex.o
                                                  build/stm32f4xx_hal_dma.o
                                                  build/stm32f4xx_hal_flash.o
                                                  build/stm32f4xx_hal_rcc_ex.o
                                                  build/stm32f4xx_hal_rcc.o
                                                  build/stm32f4xx_hal_i2c.o
HAL_GetTickFreq                                   build/stm32f4xx_hal.o
HAL_GetTickPrio                                   build/stm32f4xx_hal.o
HAL_GetUIDw0                                      build/stm32f4xx_hal.o
HAL_GetUIDw1                                      build/stm32f4xx_hal.o
HAL_GetUIDw2                                      build/stm32f4xx_hal.o
HAL_HalfDuplex_EnableReceiver                     build/stm32f4xx_hal_uart.o
HAL_HalfDuplex_EnableTransmitter                  build/stm32f4xx_hal_uart.o
HAL_HalfDuplex_Init                               build/stm32f4xx_hal_uart.o
HAL_I2C_AbortCpltCallback                         build/stm32f4xx_hal_i2c.o
HAL_I2C_AddrCallback                              build/stm32f4xx_hal_i2c.o
HAL_I2C_DeInit                                    build/stm32f4xx_hal_i2c.o
HAL_I2C_DisableListen_IT                          build/stm32f4xx_hal_i2c.o
HAL_I2C_ER_IRQHandler                             build/stm32f4xx_hal_i2c.o
HAL_I2C_EV_IRQHandler                             build/stm32f4xx_hal_i2c.o
HAL_I2C_EnableListen_IT                           build/stm32f4xx_hal_i2c.o
HAL_I2C_ErrorCallback                             build/stm32f4xx_hal_i2c.o
HAL_I2C_GetError                                  build/stm32f4xx_hal_i2c.o
HAL_I2C_GetMode                                   build/stm32f4xx_hal_i2c.o
HAL_I2C_GetState                                  build/stm32f4xx_hal_i2c.o
HAL_I2C_Init                                      build/stm32f4xx_hal_i2c.o
                                                  build/main.o
HAL_I2C_IsDeviceReady                             build/stm32f4xx_hal_i2c.o
HAL_I2C_ListenCpltCallback                        build/stm32f4xx_hal_i2c.o
HAL_I2C_MasterRxCpltCallback                      build/stm32f4xx_hal_i2c.o
HAL_I2C_MasterTxCpltCallback                      build/stm32f4xx_hal_i2c.o
HAL_I2C_Master_Abort_IT                           build/stm32f4xx_hal_i2c.o
HAL_I2C_Master_Receive                            build/stm32f4xx_hal_i2c.o
HAL_I2C_Master_Receive_DMA                        build/stm32f4xx_hal_i2c.o
HAL_I2C_Master_Receive_IT                         build/stm32f4xx_hal_i2c.o
HAL_I2C_Master_Seq_Receive_DMA                    build/stm32f4xx_hal_i2c.o
HAL_I2C_Master_Seq_Receive_IT                     build/stm32f4xx_hal_i2c.o
HAL_I2C_Master_Seq_Transmit_DMA                   build/stm32f4xx_hal_i2c.o
HAL_I2C_Master_Seq_Transmit_IT                    build/stm32f4xx_hal_i2c.o
HAL_I2C_Master_Transmit                           build/stm32f4xx_hal_i2c.o
HAL_I2C_Master_Transmit_DMA                       build/stm32f4xx_hal_i2c.o
HAL_I2C_Master_Transmit_IT                        build/stm32f4xx_hal_i2c.o
HAL_I2C_MemRxCpltCallback                         build/stm32f4xx_hal_i2c.o
HAL_I2C_MemTxCpltCallback                         build/stm32f4xx_hal_i2c.o
HAL_I2C_Mem_Read                                  build/stm32f4xx_hal_i2c.o
HAL_I2C_Mem_Read_DMA                              build/stm32f4xx_hal_i2c.o
HAL_I2C_Mem_Read_IT                               build/stm32f4xx_hal_i2c.o
HAL_I2C_Mem_Write                                 build/stm32f4xx_hal_i2c.o
                                                  build/bsp_OLED.o
HAL_I2C_Mem_Write_DMA                             build/stm32f4xx_hal_i2c.o
HAL_I2C_Mem_Write_IT                              build/stm32f4xx_hal_i2c.o
HAL_I2C_MspDeInit                                 build/stm32f4xx_hal_msp.o
HAL_I2C_MspInit                                   build/stm32f4xx_hal_msp.o
HAL_I2C_SlaveRxCpltCallback                       build/stm32f4xx_hal_i2c.o
HAL_I2C_SlaveTxCpltCallback                       build/stm32f4xx_hal_i2c.o
HAL_I2C_Slave_Receive                             build/stm32f4xx_hal_i2c.o
HAL_I2C_Slave_Receive_DMA                         build/stm32f4xx_hal_i2c.o
HAL_I2C_Slave_Receive_IT                          build/stm32f4xx_hal_i2c.o
HAL_I2C_Slave_Seq_Receive_DMA                     build/stm32f4xx_hal_i2c.o
HAL_I2C_Slave_Seq_Receive_IT                      build/stm32f4xx_hal_i2c.o
HAL_I2C_Slave_Seq_Transmit_DMA                    build/stm32f4xx_hal_i2c.o
HAL_I2C_Slave_Seq_Transmit_IT                     build/stm32f4xx_hal_i2c.o
HAL_I2C_Slave_Transmit                            build/stm32f4xx_hal_i2c.o
HAL_I2C_Slave_Transmit_DMA                        build/stm32f4xx_hal_i2c.o
HAL_I2C_Slave_Transmit_IT                         build/stm32f4xx_hal_i2c.o
HAL_IncTick                                       build/stm32f4xx_hal.o
                                                  build/stm32f4xx_it.o
HAL_Init                                          build/stm32f4xx_hal.o
                                                  build/main.o
HAL_InitTick                                      build/stm32f4xx_hal.o
                                                  build/stm32f4xx_hal_rcc_ex.o
                                                  build/stm32f4xx_hal_rcc.o
HAL_LIN_Init                                      build/stm32f4xx_hal_uart.o
HAL_LIN_SendBreak                                 build/stm32f4xx_hal_uart.o
HAL_MPU_ConfigRegion                              build/stm32f4xx_hal_cortex.o
HAL_MPU_Disable                                   build/stm32f4xx_hal_cortex.o
HAL_MPU_Enable                                    build/stm32f4xx_hal_cortex.o
HAL_MspDeInit                                     build/stm32f4xx_hal.o
HAL_MspInit                                       build/stm32f4xx_hal_msp.o
HAL_MultiProcessor_EnterMuteMode                  build/stm32f4xx_hal_uart.o
HAL_MultiProcessor_ExitMuteMode                   build/stm32f4xx_hal_uart.o
HAL_MultiProcessor_Init                           build/stm32f4xx_hal_uart.o
HAL_NVIC_ClearPendingIRQ                          build/stm32f4xx_hal_cortex.o
HAL_NVIC_DisableIRQ                               build/stm32f4xx_hal_cortex.o
                                                  build/stm32f4xx_hal_msp.o
HAL_NVIC_EnableIRQ                                build/stm32f4xx_hal_cortex.o
                                                  build/stm32f4xx_hal_msp.o
HAL_NVIC_GetActive                                build/stm32f4xx_hal_cortex.o
HAL_NVIC_GetPendingIRQ                            build/stm32f4xx_hal_cortex.o
HAL_NVIC_GetPriority                              build/stm32f4xx_hal_cortex.o
HAL_NVIC_GetPriorityGrouping                      build/stm32f4xx_hal_cortex.o
HAL_NVIC_SetPendingIRQ                            build/stm32f4xx_hal_cortex.o
HAL_NVIC_SetPriority                              build/stm32f4xx_hal_cortex.o
                                                  build/stm32f4xx_hal.o
                                                  build/stm32f4xx_hal_msp.o
HAL_NVIC_SetPriorityGrouping                      build/stm32f4xx_hal_cortex.o
                                                  build/stm32f4xx_hal.o
HAL_NVIC_SystemReset                              build/stm32f4xx_hal_cortex.o
HAL_PWREx_ControlVoltageScaling                   build/stm32f4xx_hal_pwr_ex.o
HAL_PWREx_DisableBkUpReg                          build/stm32f4xx_hal_pwr_ex.o
HAL_PWREx_DisableFlashPowerDown                   build/stm32f4xx_hal_pwr_ex.o
HAL_PWREx_EnableBkUpReg                           build/stm32f4xx_hal_pwr_ex.o
HAL_PWREx_EnableFlashPowerDown                    build/stm32f4xx_hal_pwr_ex.o
HAL_PWREx_GetVoltageRange                         build/stm32f4xx_hal_pwr_ex.o
HAL_PWR_ConfigPVD                                 build/stm32f4xx_hal_pwr.o
HAL_PWR_DeInit                                    build/stm32f4xx_hal_pwr.o
HAL_PWR_DisableBkUpAccess                         build/stm32f4xx_hal_pwr.o
HAL_PWR_DisablePVD                                build/stm32f4xx_hal_pwr.o
HAL_PWR_DisableSEVOnPend                          build/stm32f4xx_hal_pwr.o
HAL_PWR_DisableSleepOnExit                        build/stm32f4xx_hal_pwr.o
HAL_PWR_DisableWakeUpPin                          build/stm32f4xx_hal_pwr.o
HAL_PWR_EnableBkUpAccess                          build/stm32f4xx_hal_pwr.o
HAL_PWR_EnablePVD                                 build/stm32f4xx_hal_pwr.o
HAL_PWR_EnableSEVOnPend                           build/stm32f4xx_hal_pwr.o
HAL_PWR_EnableSleepOnExit                         build/stm32f4xx_hal_pwr.o
HAL_PWR_EnableWakeUpPin                           build/stm32f4xx_hal_pwr.o
HAL_PWR_EnterSLEEPMode                            build/stm32f4xx_hal_pwr.o
HAL_PWR_EnterSTANDBYMode                          build/stm32f4xx_hal_pwr.o
HAL_PWR_EnterSTOPMode                             build/stm32f4xx_hal_pwr.o
HAL_PWR_PVDCallback                               build/stm32f4xx_hal_pwr.o
HAL_PWR_PVD_IRQHandler                            build/stm32f4xx_hal_pwr.o
HAL_RCCEx_DisablePLLI2S                           build/stm32f4xx_hal_rcc_ex.o
HAL_RCCEx_EnablePLLI2S                            build/stm32f4xx_hal_rcc_ex.o
HAL_RCCEx_GetPeriphCLKConfig                      build/stm32f4xx_hal_rcc_ex.o
HAL_RCCEx_GetPeriphCLKFreq                        build/stm32f4xx_hal_rcc_ex.o
HAL_RCCEx_PeriphCLKConfig                         build/stm32f4xx_hal_rcc_ex.o
HAL_RCC_CSSCallback                               build/stm32f4xx_hal_rcc.o
HAL_RCC_ClockConfig                               build/stm32f4xx_hal_rcc.o
                                                  build/main.o
HAL_RCC_DeInit                                    build/stm32f4xx_hal_rcc_ex.o
                                                  build/stm32f4xx_hal_rcc.o
HAL_RCC_DisableCSS                                build/stm32f4xx_hal_rcc.o
HAL_RCC_EnableCSS                                 build/stm32f4xx_hal_rcc.o
HAL_RCC_GetClockConfig                            build/stm32f4xx_hal_rcc.o
HAL_RCC_GetHCLKFreq                               build/stm32f4xx_hal_rcc.o
HAL_RCC_GetOscConfig                              build/stm32f4xx_hal_rcc.o
HAL_RCC_GetPCLK1Freq                              build/stm32f4xx_hal_rcc.o
                                                  build/stm32f4xx_hal_uart.o
                                                  build/stm32f4xx_hal_i2c.o
HAL_RCC_GetPCLK2Freq                              build/stm32f4xx_hal_rcc.o
                                                  build/stm32f4xx_hal_uart.o
HAL_RCC_GetSysClockFreq                           build/stm32f4xx_hal_rcc.o
HAL_RCC_MCOConfig                                 build/stm32f4xx_hal_rcc.o
HAL_RCC_NMI_IRQHandler                            build/stm32f4xx_hal_rcc.o
HAL_RCC_OscConfig                                 build/stm32f4xx_hal_rcc.o
                                                  build/main.o
HAL_ResumeTick                                    build/stm32f4xx_hal.o
HAL_SYSTICK_CLKSourceConfig                       build/stm32f4xx_hal_cortex.o
HAL_SYSTICK_Callback                              build/stm32f4xx_hal_cortex.o
HAL_SYSTICK_Config                                build/stm32f4xx_hal_cortex.o
                                                  build/stm32f4xx_hal.o
HAL_SYSTICK_IRQHandler                            build/stm32f4xx_hal_cortex.o
HAL_SetTickFreq                                   build/stm32f4xx_hal.o
HAL_SuspendTick                                   build/stm32f4xx_hal.o
HAL_TIMEx_BreakCallback                           build/stm32f4xx_hal_tim_ex.o
                                                  build/stm32f4xx_hal_tim.o
HAL_TIMEx_CommutCallback                          build/stm32f4xx_hal_tim_ex.o
                                                  build/stm32f4xx_hal_tim.o
HAL_TIMEx_CommutHalfCpltCallback                  build/stm32f4xx_hal_tim_ex.o
HAL_TIMEx_ConfigBreakDeadTime                     build/stm32f4xx_hal_tim_ex.o
                                                  build/main.o
HAL_TIMEx_ConfigCommutEvent                       build/stm32f4xx_hal_tim_ex.o
HAL_TIMEx_ConfigCommutEvent_DMA                   build/stm32f4xx_hal_tim_ex.o
HAL_TIMEx_ConfigCommutEvent_IT                    build/stm32f4xx_hal_tim_ex.o
HAL_TIMEx_HallSensor_DeInit                       build/stm32f4xx_hal_tim_ex.o
HAL_TIMEx_HallSensor_GetState                     build/stm32f4xx_hal_tim_ex.o
HAL_TIMEx_HallSensor_Init                         build/stm32f4xx_hal_tim_ex.o
HAL_TIMEx_HallSensor_MspDeInit                    build/stm32f4xx_hal_tim_ex.o
HAL_TIMEx_HallSensor_MspInit                      build/stm32f4xx_hal_tim_ex.o
HAL_TIMEx_HallSensor_Start                        build/stm32f4xx_hal_tim_ex.o
HAL_TIMEx_HallSensor_Start_DMA                    build/stm32f4xx_hal_tim_ex.o
HAL_TIMEx_HallSensor_Start_IT                     build/stm32f4xx_hal_tim_ex.o
HAL_TIMEx_HallSensor_Stop                         build/stm32f4xx_hal_tim_ex.o
HAL_TIMEx_HallSensor_Stop_DMA                     build/stm32f4xx_hal_tim_ex.o
HAL_TIMEx_HallSensor_Stop_IT                      build/stm32f4xx_hal_tim_ex.o
HAL_TIMEx_MasterConfigSynchronization             build/stm32f4xx_hal_tim_ex.o
                                                  build/main.o
HAL_TIMEx_OCN_Start                               build/stm32f4xx_hal_tim_ex.o
HAL_TIMEx_OCN_Start_DMA                           build/stm32f4xx_hal_tim_ex.o
HAL_TIMEx_OCN_Start_IT                            build/stm32f4xx_hal_tim_ex.o
HAL_TIMEx_OCN_Stop                                build/stm32f4xx_hal_tim_ex.o
HAL_TIMEx_OCN_Stop_DMA                            build/stm32f4xx_hal_tim_ex.o
HAL_TIMEx_OCN_Stop_IT                             build/stm32f4xx_hal_tim_ex.o
HAL_TIMEx_OnePulseN_Start                         build/stm32f4xx_hal_tim_ex.o
HAL_TIMEx_OnePulseN_Start_IT                      build/stm32f4xx_hal_tim_ex.o
HAL_TIMEx_OnePulseN_Stop                          build/stm32f4xx_hal_tim_ex.o
HAL_TIMEx_OnePulseN_Stop_IT                       build/stm32f4xx_hal_tim_ex.o
HAL_TIMEx_PWMN_Start                              build/stm32f4xx_hal_tim_ex.o
HAL_TIMEx_PWMN_Start_DMA                          build/stm32f4xx_hal_tim_ex.o
HAL_TIMEx_PWMN_Start_IT                           build/stm32f4xx_hal_tim_ex.o
HAL_TIMEx_PWMN_Stop                               build/stm32f4xx_hal_tim_ex.o
HAL_TIMEx_PWMN_Stop_DMA                           build/stm32f4xx_hal_tim_ex.o
HAL_TIMEx_PWMN_Stop_IT                            build/stm32f4xx_hal_tim_ex.o
HAL_TIMEx_RemapConfig                             build/stm32f4xx_hal_tim_ex.o
HAL_TIM_Base_DeInit                               build/stm32f4xx_hal_tim.o
HAL_TIM_Base_GetState                             build/stm32f4xx_hal_tim.o
HAL_TIM_Base_Init                                 build/stm32f4xx_hal_tim.o
                                                  build/main.o
HAL_TIM_Base_MspDeInit                            build/stm32f4xx_hal_msp.o
HAL_TIM_Base_MspInit                              build/stm32f4xx_hal_msp.o
HAL_TIM_Base_Start                                build/stm32f4xx_hal_tim.o
HAL_TIM_Base_Start_DMA                            build/stm32f4xx_hal_tim.o
HAL_TIM_Base_Start_IT                             build/stm32f4xx_hal_tim.o
HAL_TIM_Base_Stop                                 build/stm32f4xx_hal_tim.o
HAL_TIM_Base_Stop_DMA                             build/stm32f4xx_hal_tim.o
HAL_TIM_Base_Stop_IT                              build/stm32f4xx_hal_tim.o
HAL_TIM_ConfigClockSource                         build/stm32f4xx_hal_tim.o
                                                  build/main.o
HAL_TIM_ConfigOCrefClear                          build/stm32f4xx_hal_tim.o
HAL_TIM_ConfigTI1Input                            build/stm32f4xx_hal_tim.o
HAL_TIM_DMABurst_ReadStart                        build/stm32f4xx_hal_tim.o
HAL_TIM_DMABurst_ReadStop                         build/stm32f4xx_hal_tim.o
HAL_TIM_DMABurst_WriteStart                       build/stm32f4xx_hal_tim.o
HAL_TIM_DMABurst_WriteStop                        build/stm32f4xx_hal_tim.o
HAL_TIM_Encoder_DeInit                            build/stm32f4xx_hal_tim.o
HAL_TIM_Encoder_GetState                          build/stm32f4xx_hal_tim.o
HAL_TIM_Encoder_Init                              build/stm32f4xx_hal_tim.o
HAL_TIM_Encoder_MspDeInit                         build/stm32f4xx_hal_tim.o
HAL_TIM_Encoder_MspInit                           build/stm32f4xx_hal_tim.o
HAL_TIM_Encoder_Start                             build/stm32f4xx_hal_tim.o
HAL_TIM_Encoder_Start_DMA                         build/stm32f4xx_hal_tim.o
HAL_TIM_Encoder_Start_IT                          build/stm32f4xx_hal_tim.o
HAL_TIM_Encoder_Stop                              build/stm32f4xx_hal_tim.o
HAL_TIM_Encoder_Stop_DMA                          build/stm32f4xx_hal_tim.o
HAL_TIM_Encoder_Stop_IT                           build/stm32f4xx_hal_tim.o
HAL_TIM_ErrorCallback                             build/stm32f4xx_hal_tim.o
HAL_TIM_GenerateEvent                             build/stm32f4xx_hal_tim.o
HAL_TIM_IC_CaptureCallback                        build/stm32f4xx_hal_tim.o
HAL_TIM_IC_CaptureHalfCpltCallback                build/stm32f4xx_hal_tim.o
HAL_TIM_IC_ConfigChannel                          build/stm32f4xx_hal_tim.o
                                                  build/main.o
HAL_TIM_IC_DeInit                                 build/stm32f4xx_hal_tim.o
HAL_TIM_IC_GetState                               build/stm32f4xx_hal_tim.o
HAL_TIM_IC_Init                                   build/stm32f4xx_hal_tim.o
                                                  build/main.o
HAL_TIM_IC_MspDeInit                              build/stm32f4xx_hal_msp.o
HAL_TIM_IC_MspInit                                build/stm32f4xx_hal_msp.o
HAL_TIM_IC_Start                                  build/stm32f4xx_hal_tim.o
HAL_TIM_IC_Start_DMA                              build/stm32f4xx_hal_tim.o
HAL_TIM_IC_Start_IT                               build/stm32f4xx_hal_tim.o
                                                  build/main.o
HAL_TIM_IC_Stop                                   build/stm32f4xx_hal_tim.o
HAL_TIM_IC_Stop_DMA                               build/stm32f4xx_hal_tim.o
HAL_TIM_IC_Stop_IT                                build/stm32f4xx_hal_tim.o
HAL_TIM_IRQHandler                                build/stm32f4xx_hal_tim.o
                                                  build/stm32f4xx_it.o
HAL_TIM_MspPostInit                               build/stm32f4xx_hal_msp.o
                                                  build/main.o
HAL_TIM_OC_ConfigChannel                          build/stm32f4xx_hal_tim.o
HAL_TIM_OC_DeInit                                 build/stm32f4xx_hal_tim.o
HAL_TIM_OC_DelayElapsedCallback                   build/stm32f4xx_hal_tim.o
HAL_TIM_OC_GetState                               build/stm32f4xx_hal_tim.o
HAL_TIM_OC_Init                                   build/stm32f4xx_hal_tim.o
HAL_TIM_OC_MspDeInit                              build/stm32f4xx_hal_tim.o
HAL_TIM_OC_MspInit                                build/stm32f4xx_hal_tim.o
HAL_TIM_OC_Start                                  build/stm32f4xx_hal_tim.o
HAL_TIM_OC_Start_DMA                              build/stm32f4xx_hal_tim.o
HAL_TIM_OC_Start_IT                               build/stm32f4xx_hal_tim.o
HAL_TIM_OC_Stop                                   build/stm32f4xx_hal_tim.o
HAL_TIM_OC_Stop_DMA                               build/stm32f4xx_hal_tim.o
HAL_TIM_OC_Stop_IT                                build/stm32f4xx_hal_tim.o
HAL_TIM_OnePulse_ConfigChannel                    build/stm32f4xx_hal_tim.o
HAL_TIM_OnePulse_DeInit                           build/stm32f4xx_hal_tim.o
HAL_TIM_OnePulse_GetState                         build/stm32f4xx_hal_tim.o
HAL_TIM_OnePulse_Init                             build/stm32f4xx_hal_tim.o
HAL_TIM_OnePulse_MspDeInit                        build/stm32f4xx_hal_tim.o
HAL_TIM_OnePulse_MspInit                          build/stm32f4xx_hal_tim.o
HAL_TIM_OnePulse_Start                            build/stm32f4xx_hal_tim.o
HAL_TIM_OnePulse_Start_IT                         build/stm32f4xx_hal_tim.o
HAL_TIM_OnePulse_Stop                             build/stm32f4xx_hal_tim.o
HAL_TIM_OnePulse_Stop_IT                          build/stm32f4xx_hal_tim.o
HAL_TIM_PWM_ConfigChannel                         build/stm32f4xx_hal_tim.o
                                                  build/main.o
HAL_TIM_PWM_DeInit                                build/stm32f4xx_hal_tim.o
HAL_TIM_PWM_GetState                              build/stm32f4xx_hal_tim.o
HAL_TIM_PWM_Init                                  build/stm32f4xx_hal_tim.o
                                                  build/main.o
HAL_TIM_PWM_MspDeInit                             build/stm32f4xx_hal_msp.o
HAL_TIM_PWM_MspInit                               build/stm32f4xx_hal_msp.o
HAL_TIM_PWM_PulseFinishedCallback                 build/stm32f4xx_hal_tim.o
HAL_TIM_PWM_PulseFinishedHalfCpltCallback         build/stm32f4xx_hal_tim.o
HAL_TIM_PWM_Start                                 build/stm32f4xx_hal_tim.o
                                                  build/main.o
HAL_TIM_PWM_Start_DMA                             build/stm32f4xx_hal_tim.o
HAL_TIM_PWM_Start_IT                              build/stm32f4xx_hal_tim.o
HAL_TIM_PWM_Stop                                  build/stm32f4xx_hal_tim.o
HAL_TIM_PWM_Stop_DMA                              build/stm32f4xx_hal_tim.o
HAL_TIM_PWM_Stop_IT                               build/stm32f4xx_hal_tim.o
HAL_TIM_PeriodElapsedCallback                     build/stm32f4xx_hal_tim.o
HAL_TIM_PeriodElapsedHalfCpltCallback             build/stm32f4xx_hal_tim.o
HAL_TIM_ReadCapturedValue                         build/stm32f4xx_hal_tim.o
HAL_TIM_SlaveConfigSynchro                        build/stm32f4xx_hal_tim.o
HAL_TIM_SlaveConfigSynchro_IT                     build/stm32f4xx_hal_tim.o
HAL_TIM_TriggerCallback                           build/stm32f4xx_hal_tim.o
HAL_TIM_TriggerHalfCpltCallback                   build/stm32f4xx_hal_tim.o
HAL_UART_Abort                                    build/stm32f4xx_hal_uart.o
HAL_UART_AbortCpltCallback                        build/stm32f4xx_hal_uart.o
HAL_UART_AbortReceive                             build/stm32f4xx_hal_uart.o
HAL_UART_AbortReceiveCpltCallback                 build/stm32f4xx_hal_uart.o
HAL_UART_AbortReceive_IT                          build/stm32f4xx_hal_uart.o
HAL_UART_AbortTransmit                            build/stm32f4xx_hal_uart.o
HAL_UART_AbortTransmitCpltCallback                build/stm32f4xx_hal_uart.o
HAL_UART_AbortTransmit_IT                         build/stm32f4xx_hal_uart.o
HAL_UART_Abort_IT                                 build/stm32f4xx_hal_uart.o
HAL_UART_DMAPause                                 build/stm32f4xx_hal_uart.o
HAL_UART_DMAResume                                build/stm32f4xx_hal_uart.o
HAL_UART_DMAStop                                  build/stm32f4xx_hal_uart.o
HAL_UART_DeInit                                   build/stm32f4xx_hal_uart.o
HAL_UART_ErrorCallback                            build/stm32f4xx_hal_uart.o
HAL_UART_GetError                                 build/stm32f4xx_hal_uart.o
HAL_UART_GetState                                 build/stm32f4xx_hal_uart.o
HAL_UART_IRQHandler                               build/stm32f4xx_hal_uart.o
HAL_UART_Init                                     build/stm32f4xx_hal_uart.o
                                                  build/main.o
HAL_UART_MspDeInit                                build/stm32f4xx_hal_msp.o
HAL_UART_MspInit                                  build/stm32f4xx_hal_msp.o
HAL_UART_Receive                                  build/stm32f4xx_hal_uart.o
HAL_UART_Receive_DMA                              build/stm32f4xx_hal_uart.o
HAL_UART_Receive_IT                               build/stm32f4xx_hal_uart.o
HAL_UART_RxCpltCallback                           build/stm32f4xx_hal_uart.o
HAL_UART_RxHalfCpltCallback                       build/stm32f4xx_hal_uart.o
HAL_UART_Transmit                                 build/stm32f4xx_hal_uart.o
                                                  build/bsp_USART.o
HAL_UART_Transmit_DMA                             build/stm32f4xx_hal_uart.o
HAL_UART_Transmit_IT                              build/stm32f4xx_hal_uart.o
HAL_UART_TxCpltCallback                           build/stm32f4xx_hal_uart.o
HAL_UART_TxHalfCpltCallback                       build/stm32f4xx_hal_uart.o
HASH_RNG_IRQHandler                               build/startup_stm32f407xx.o
HardFault_Handler                                 build/stm32f4xx_it.o
I2C1_ER_IRQHandler                                build/startup_stm32f407xx.o
I2C1_EV_IRQHandler                                build/startup_stm32f407xx.o
I2C2_ER_IRQHandler                                build/startup_stm32f407xx.o
I2C2_EV_IRQHandler                                build/startup_stm32f407xx.o
I2C3_ER_IRQHandler                                build/startup_stm32f407xx.o
I2C3_EV_IRQHandler                                build/startup_stm32f407xx.o
MemManage_Handler                                 build/stm32f4xx_it.o
NMI_Handler                                       build/stm32f4xx_it.o
OTG_FS_IRQHandler                                 build/startup_stm32f407xx.o
OTG_FS_WKUP_IRQHandler                            build/startup_stm32f407xx.o
OTG_HS_EP1_IN_IRQHandler                          build/startup_stm32f407xx.o
OTG_HS_EP1_OUT_IRQHandler                         build/startup_stm32f407xx.o
OTG_HS_IRQHandler                                 build/startup_stm32f407xx.o
OTG_HS_WKUP_IRQHandler                            build/startup_stm32f407xx.o
PVD_IRQHandler                                    build/startup_stm32f407xx.o
PendSV_Handler                                    build/stm32f4xx_it.o
RCC_IRQHandler                                    build/stm32f4xx_it.o
RTC_Alarm_IRQHandler                              build/startup_stm32f407xx.o
RTC_WKUP_IRQHandler                               build/startup_stm32f407xx.o
Reset_Handler                                     build/startup_stm32f407xx.o
SDIO_IRQHandler                                   build/startup_stm32f407xx.o
SPI1_IRQHandler                                   build/startup_stm32f407xx.o
SPI2_IRQHandler                                   build/startup_stm32f407xx.o
SPI3_IRQHandler                                   build/startup_stm32f407xx.o
SVC_Handler                                       build/stm32f4xx_it.o
SysTick_Handler                                   build/stm32f4xx_it.o
SystemClock_Config                                build/main.o
SystemCoreClock                                   build/system_stm32f4xx.o
                                                  build/stm32f4xx_hal.o
                                                  build/stm32f4xx_hal_dma.o
                                                  build/stm32f4xx_hal_rcc_ex.o
                                                  build/stm32f4xx_hal_rcc.o
                                                  build/stm32f4xx_hal_i2c.o
SystemCoreClockUpdate                             build/system_stm32f4xx.o
SystemInit                                        build/system_stm32f4xx.o
                                                  build/startup_stm32f407xx.o
TAMP_STAMP_IRQHandler                             build/startup_stm32f407xx.o
TIM1_BRK_TIM9_IRQHandler                          build/startup_stm32f407xx.o
TIM1_CC_IRQHandler                                build/stm32f4xx_it.o
TIM1_TRG_COM_TIM11_IRQHandler                     build/startup_stm32f407xx.o
TIM1_UP_TIM10_IRQHandler                          build/startup_stm32f407xx.o
TIM2_IRQHandler                                   build/startup_stm32f407xx.o
TIM3_IRQHandler                                   build/startup_stm32f407xx.o
TIM4_IRQHandler                                   build/startup_stm32f407xx.o
TIM5_IRQHandler                                   build/startup_stm32f407xx.o
TIM6_DAC_IRQHandler                               build/startup_stm32f407xx.o
TIM7_IRQHandler                                   build/startup_stm32f407xx.o
TIM8_BRK_TIM12_IRQHandler                         build/startup_stm32f407xx.o
TIM8_CC_IRQHandler                                build/startup_stm32f407xx.o
TIM8_TRG_COM_TIM14_IRQHandler                     build/startup_stm32f407xx.o
TIM8_UP_TIM13_IRQHandler                          build/startup_stm32f407xx.o
TIMEx_DMACommutationCplt                          build/stm32f4xx_hal_tim_ex.o
                                                  build/stm32f4xx_hal_tim.o
TIMEx_DMACommutationHalfCplt                      build/stm32f4xx_hal_tim_ex.o
                                                  build/stm32f4xx_hal_tim.o
TIM_Base_SetConfig                                build/stm32f4xx_hal_tim.o
                                                  build/stm32f4xx_hal_tim_ex.o
TIM_CCxChannelCmd                                 build/stm32f4xx_hal_tim.o
                                                  build/stm32f4xx_hal_tim_ex.o
TIM_DMACaptureCplt                                build/stm32f4xx_hal_tim.o
                                                  build/stm32f4xx_hal_tim_ex.o
TIM_DMACaptureHalfCplt                            build/stm32f4xx_hal_tim.o
                                                  build/stm32f4xx_hal_tim_ex.o
TIM_DMADelayPulseCplt                             build/stm32f4xx_hal_tim.o
                                                  build/stm32f4xx_hal_tim_ex.o
TIM_DMADelayPulseHalfCplt                         build/stm32f4xx_hal_tim.o
                                                  build/stm32f4xx_hal_tim_ex.o
TIM_DMAError                                      build/stm32f4xx_hal_tim.o
                                                  build/stm32f4xx_hal_tim_ex.o
TIM_ETR_SetConfig                                 build/stm32f4xx_hal_tim.o
TIM_OC2_SetConfig                                 build/stm32f4xx_hal_tim.o
                                                  build/stm32f4xx_hal_tim_ex.o
TIM_TI1_SetConfig                                 build/stm32f4xx_hal_tim.o
                                                  build/stm32f4xx_hal_tim_ex.o
UART4_IRQHandler                                  build/startup_stm32f407xx.o
UART5_IRQHandler                                  build/startup_stm32f407xx.o
USART1_IRQHandler                                 build/startup_stm32f407xx.o
USART2_IRQHandler                                 build/startup_stm32f407xx.o
USART3_IRQHandler                                 build/startup_stm32f407xx.o
USART6_IRQHandler                                 build/startup_stm32f407xx.o
UsageFault_Handler                                build/stm32f4xx_it.o
WWDG_IRQHandler                                   build/startup_stm32f407xx.o
WriteCmd                                          build/bsp_OLED.o
WriteDat                                          build/bsp_OLED.o
__aeabi_idiv0                                     /Applications/ARM/bin/../lib/gcc/arm-none-eabi/9.3.1/thumb/v7e-m+fp/hard/libgcc.a(_dvmd_tls.o)
__aeabi_ldiv0                                     /Applications/ARM/bin/../lib/gcc/arm-none-eabi/9.3.1/thumb/v7e-m+fp/hard/libgcc.a(_dvmd_tls.o)
                                                  /Applications/ARM/bin/../lib/gcc/arm-none-eabi/9.3.1/thumb/v7e-m+fp/hard/libgcc.a(_aeabi_uldivmod.o)
__aeabi_uldivmod                                  /Applications/ARM/bin/../lib/gcc/arm-none-eabi/9.3.1/thumb/v7e-m+fp/hard/libgcc.a(_aeabi_uldivmod.o)
                                                  build/stm32f4xx_hal_uart.o
                                                  build/stm32f4xx_hal_rcc.o
__bss_end__                                       /Applications/ARM/bin/../lib/gcc/arm-none-eabi/9.3.1/../../../../arm-none-eabi/lib/thumb/v7e-m+fp/hard/crt0.o
__bss_start__                                     /Applications/ARM/bin/../lib/gcc/arm-none-eabi/9.3.1/../../../../arm-none-eabi/lib/thumb/v7e-m+fp/hard/crt0.o
__call_exitprocs                                  /Applications/ARM/bin/../lib/gcc/arm-none-eabi/9.3.1/../../../../arm-none-eabi/lib/thumb/v7e-m+fp/hard/libc_nano.a(lib_a-exit.o)
__deregister_frame_info                           /Applications/ARM/bin/../lib/gcc/arm-none-eabi/9.3.1/thumb/v7e-m+fp/hard/crtbegin.o
__dso_handle                                      /Applications/ARM/bin/../lib/gcc/arm-none-eabi/9.3.1/thumb/v7e-m+fp/hard/crtbegin.o
__init_array_end                                  /Applications/ARM/bin/../lib/gcc/arm-none-eabi/9.3.1/../../../../arm-none-eabi/lib/thumb/v7e-m+fp/hard/libc_nano.a(lib_a-init.o)
__init_array_start                                /Applications/ARM/bin/../lib/gcc/arm-none-eabi/9.3.1/../../../../arm-none-eabi/lib/thumb/v7e-m+fp/hard/libc_nano.a(lib_a-init.o)
__libc_fini_array                                 /Applications/ARM/bin/../lib/gcc/arm-none-eabi/9.3.1/../../../../arm-none-eabi/lib/thumb/v7e-m+fp/hard/crt0.o
__libc_init_array                                 /Applications/ARM/bin/../lib/gcc/arm-none-eabi/9.3.1/../../../../arm-none-eabi/lib/thumb/v7e-m+fp/hard/libc_nano.a(lib_a-init.o)
                                                  build/startup_stm32f407xx.o
                                                  /Applications/ARM/bin/../lib/gcc/arm-none-eabi/9.3.1/../../../../arm-none-eabi/lib/thumb/v7e-m+fp/hard/crt0.o
__preinit_array_end                               /Applications/ARM/bin/../lib/gcc/arm-none-eabi/9.3.1/../../../../arm-none-eabi/lib/thumb/v7e-m+fp/hard/libc_nano.a(lib_a-init.o)
__preinit_array_start                             /Applications/ARM/bin/../lib/gcc/arm-none-eabi/9.3.1/../../../../arm-none-eabi/lib/thumb/v7e-m+fp/hard/libc_nano.a(lib_a-init.o)
__register_frame_info                             /Applications/ARM/bin/../lib/gcc/arm-none-eabi/9.3.1/thumb/v7e-m+fp/hard/crtbegin.o
__sf_fake_stderr                                  /Applications/ARM/bin/../lib/gcc/arm-none-eabi/9.3.1/../../../../arm-none-eabi/lib/thumb/v7e-m+fp/hard/libc_nano.a(lib_a-impure.o)
__sf_fake_stdin                                   /Applications/ARM/bin/../lib/gcc/arm-none-eabi/9.3.1/../../../../arm-none-eabi/lib/thumb/v7e-m+fp/hard/libc_nano.a(lib_a-impure.o)
__sf_fake_stdout                                  /Applications/ARM/bin/../lib/gcc/arm-none-eabi/9.3.1/../../../../arm-none-eabi/lib/thumb/v7e-m+fp/hard/libc_nano.a(lib_a-impure.o)
__stack                                           /Applications/ARM/bin/../lib/gcc/arm-none-eabi/9.3.1/../../../../arm-none-eabi/lib/thumb/v7e-m+fp/hard/crt0.o
__udivmoddi4                                      /Applications/ARM/bin/../lib/gcc/arm-none-eabi/9.3.1/thumb/v7e-m+fp/hard/libgcc.a(_udivmoddi4.o)
                                                  /Applications/ARM/bin/../lib/gcc/arm-none-eabi/9.3.1/thumb/v7e-m+fp/hard/libgcc.a(_aeabi_uldivmod.o)
_ebss                                             build/startup_stm32f407xx.o
_edata                                            build/startup_stm32f407xx.o
_estack                                           build/startup_stm32f407xx.o
_exit                                             /Applications/ARM/bin/../lib/gcc/arm-none-eabi/9.3.1/../../../../arm-none-eabi/lib/thumb/v7e-m+fp/hard/libnosys.a(_exit.o)
                                                  /Applications/ARM/bin/../lib/gcc/arm-none-eabi/9.3.1/../../../../arm-none-eabi/lib/thumb/v7e-m+fp/hard/libc_nano.a(lib_a-exit.o)
_fini                                             /Applications/ARM/bin/../lib/gcc/arm-none-eabi/9.3.1/thumb/v7e-m+fp/hard/crti.o
_global_impure_ptr                                /Applications/ARM/bin/../lib/gcc/arm-none-eabi/9.3.1/../../../../arm-none-eabi/lib/thumb/v7e-m+fp/hard/libc_nano.a(lib_a-impure.o)
                                                  /Applications/ARM/bin/../lib/gcc/arm-none-eabi/9.3.1/../../../../arm-none-eabi/lib/thumb/v7e-m+fp/hard/libc_nano.a(lib_a-exit.o)
_impure_ptr                                       /Applications/ARM/bin/../lib/gcc/arm-none-eabi/9.3.1/../../../../arm-none-eabi/lib/thumb/v7e-m+fp/hard/libc_nano.a(lib_a-impure.o)
_init                                             /Applications/ARM/bin/../lib/gcc/arm-none-eabi/9.3.1/thumb/v7e-m+fp/hard/crti.o
                                                  /Applications/ARM/bin/../lib/gcc/arm-none-eabi/9.3.1/../../../../arm-none-eabi/lib/thumb/v7e-m+fp/hard/libc_nano.a(lib_a-init.o)
_mainCRTStartup                                   /Applications/ARM/bin/../lib/gcc/arm-none-eabi/9.3.1/../../../../arm-none-eabi/lib/thumb/v7e-m+fp/hard/crt0.o
_sbss                                             build/startup_stm32f407xx.o
_sdata                                            build/startup_stm32f407xx.o
_sidata                                           build/startup_stm32f407xx.o
_stack_init                                       /Applications/ARM/bin/../lib/gcc/arm-none-eabi/9.3.1/../../../../arm-none-eabi/lib/thumb/v7e-m+fp/hard/crt0.o
_start                                            /Applications/ARM/bin/../lib/gcc/arm-none-eabi/9.3.1/../../../../arm-none-eabi/lib/thumb/v7e-m+fp/hard/crt0.o
atexit                                            /Applications/ARM/bin/../lib/gcc/arm-none-eabi/9.3.1/../../../../arm-none-eabi/lib/thumb/v7e-m+fp/hard/crt0.o
bsp_OLED_CLR                                      build/bsp_OLED.o
                                                  build/main.o
bsp_OLED_DrawBMP                                  build/bsp_OLED.o
bsp_OLED_Fill                                     build/bsp_OLED.o